Archive member included because of file (symbol)

c:/program files (x86)/gnu tools arm embedded/4.7 2013q2/bin/../lib/gcc/arm-none-eabi/4.7.4/../../../../arm-none-eabi/lib/armv7e-m\libg.a(lib_a-memcpy.o)
                              ..\obj\app_AffDebug.o (memcpy)
c:/program files (x86)/gnu tools arm embedded/4.7 2013q2/bin/../lib/gcc/arm-none-eabi/4.7.4/../../../../arm-none-eabi/lib/armv7e-m\libg.a(lib_a-memset.o)
                              ..\obj\app_AffDebug.o (memset)
c:/program files (x86)/gnu tools arm embedded/4.7 2013q2/bin/../lib/gcc/arm-none-eabi/4.7.4/../../../../arm-none-eabi/lib/armv7e-m\libg.a(lib_a-strlen.o)
                              ..\obj\equ_ServoDirection.o (strlen)
c:/program files (x86)/gnu tools arm embedded/4.7 2013q2/bin/../lib/gcc/arm-none-eabi/4.7.4/../../../../arm-none-eabi/lib/armv7e-m\libg.a(lib_a-strncat.o)
                              ..\obj\equ_ServoDirection.o (strncat)
c:/program files (x86)/gnu tools arm embedded/4.7 2013q2/bin/../lib/gcc/arm-none-eabi/4.7.4/../../../../arm-none-eabi/lib/armv7e-m\libg.a(lib_a-strncmp.o)
                              ..\obj\app_AffDebug.o (strncmp)
c:/program files (x86)/gnu tools arm embedded/4.7 2013q2/bin/../lib/gcc/arm-none-eabi/4.7.4/../../../../arm-none-eabi/lib/armv7e-m\libg.a(lib_a-strncpy.o)
                              ..\obj\app_AffDebug.o (strncpy)

Discarded input sections

 .text          0x00000000        0x0 ..\obj\equ_ServoDirection.o
 .text.MicroServo_GetPosition
                0x00000000       0x18 ..\obj\equ_ServoDirection.o
 .text          0x00000000        0x0 ..\obj\bsp_BoutonPoussoir.o
 .bss           0x00000000        0x0 ..\obj\bsp_BoutonPoussoir.o
 .text.BtnPssr_init
                0x00000000       0x38 ..\obj\bsp_BoutonPoussoir.o
 .text.BtnPssr_Is_Unleashed
                0x00000000       0x1c ..\obj\bsp_BoutonPoussoir.o
 .text.BtnPssr_ReadIDPin
                0x00000000       0x34 ..\obj\bsp_BoutonPoussoir.o
 .text          0x00000000        0x0 ..\obj\stm32f4xx_usart.o
 .data          0x00000000        0x0 ..\obj\stm32f4xx_usart.o
 .bss           0x00000000        0x0 ..\obj\stm32f4xx_usart.o
 .text.USART_DeInit
                0x00000000      0x100 ..\obj\stm32f4xx_usart.o
 .text.USART_StructInit
                0x00000000       0x44 ..\obj\stm32f4xx_usart.o
 .text.USART_ClockStructInit
                0x00000000       0x34 ..\obj\stm32f4xx_usart.o
 .text.USART_SetPrescaler
                0x00000000       0x38 ..\obj\stm32f4xx_usart.o
 .text.USART_OverSampling8Cmd
                0x00000000       0x48 ..\obj\stm32f4xx_usart.o
 .text.USART_OneBitMethodCmd
                0x00000000       0x40 ..\obj\stm32f4xx_usart.o
 .text.USART_SetAddress
                0x00000000       0x38 ..\obj\stm32f4xx_usart.o
 .text.USART_ReceiverWakeUpCmd
                0x00000000       0x40 ..\obj\stm32f4xx_usart.o
 .text.USART_WakeUpConfig
                0x00000000       0x38 ..\obj\stm32f4xx_usart.o
 .text.USART_LINBreakDetectLengthConfig
                0x00000000       0x38 ..\obj\stm32f4xx_usart.o
 .text.USART_LINCmd
                0x00000000       0x40 ..\obj\stm32f4xx_usart.o
 .text.USART_SendBreak
                0x00000000       0x24 ..\obj\stm32f4xx_usart.o
 .text.USART_HalfDuplexCmd
                0x00000000       0x40 ..\obj\stm32f4xx_usart.o
 .text.USART_SetGuardTime
                0x00000000       0x3c ..\obj\stm32f4xx_usart.o
 .text.USART_SmartCardCmd
                0x00000000       0x40 ..\obj\stm32f4xx_usart.o
 .text.USART_SmartCardNACKCmd
                0x00000000       0x40 ..\obj\stm32f4xx_usart.o
 .text.USART_IrDAConfig
                0x00000000       0x38 ..\obj\stm32f4xx_usart.o
 .text.USART_IrDACmd
                0x00000000       0x40 ..\obj\stm32f4xx_usart.o
 .text.USART_DMACmd
                0x00000000       0x48 ..\obj\stm32f4xx_usart.o
 .text.USART_ITConfig
                0x00000000       0xa4 ..\obj\stm32f4xx_usart.o
 .text.USART_ClearFlag
                0x00000000       0x24 ..\obj\stm32f4xx_usart.o
 .text.USART_GetITStatus
                0x00000000       0xc4 ..\obj\stm32f4xx_usart.o
 .text.USART_ClearITPendingBit
                0x00000000       0x44 ..\obj\stm32f4xx_usart.o
 .text          0x00000000        0x0 ..\obj\stm32f4xx_pwr.o
 .data          0x00000000        0x0 ..\obj\stm32f4xx_pwr.o
 .bss           0x00000000        0x0 ..\obj\stm32f4xx_pwr.o
 .text.PWR_DeInit
                0x00000000       0x20 ..\obj\stm32f4xx_pwr.o
 .text.PWR_BackupAccessCmd
                0x00000000       0x20 ..\obj\stm32f4xx_pwr.o
 .text.PWR_PVDLevelConfig
                0x00000000       0x40 ..\obj\stm32f4xx_pwr.o
 .text.PWR_PVDCmd
                0x00000000       0x20 ..\obj\stm32f4xx_pwr.o
 .text.PWR_WakeUpPinCmd
                0x00000000       0x20 ..\obj\stm32f4xx_pwr.o
 .text.PWR_BackupRegulatorCmd
                0x00000000       0x20 ..\obj\stm32f4xx_pwr.o
 .text.PWR_MainRegulatorModeConfig
                0x00000000       0x4c ..\obj\stm32f4xx_pwr.o
 .text.PWR_FlashPowerDownCmd
                0x00000000       0x20 ..\obj\stm32f4xx_pwr.o
 .text.PWR_EnterSTOPMode
                0x00000000       0x80 ..\obj\stm32f4xx_pwr.o
 .text.PWR_EnterSTANDBYMode
                0x00000000       0x54 ..\obj\stm32f4xx_pwr.o
 .text.PWR_GetFlagStatus
                0x00000000       0x3c ..\obj\stm32f4xx_pwr.o
 .text.PWR_ClearFlag
                0x00000000       0x30 ..\obj\stm32f4xx_pwr.o
 .debug_info    0x00000000      0x543 ..\obj\stm32f4xx_pwr.o
 .debug_abbrev  0x00000000      0x181 ..\obj\stm32f4xx_pwr.o
 .debug_loc     0x00000000      0x288 ..\obj\stm32f4xx_pwr.o
 .debug_aranges
                0x00000000       0x78 ..\obj\stm32f4xx_pwr.o
 .debug_ranges  0x00000000       0x68 ..\obj\stm32f4xx_pwr.o
 .debug_line    0x00000000      0x282 ..\obj\stm32f4xx_pwr.o
 .debug_str     0x00000000      0x332 ..\obj\stm32f4xx_pwr.o
 .comment       0x00000000       0x71 ..\obj\stm32f4xx_pwr.o
 .ARM.attributes
                0x00000000       0x33 ..\obj\stm32f4xx_pwr.o
 .debug_frame   0x00000000      0x15c ..\obj\stm32f4xx_pwr.o
 .text          0x00000000        0x0 ..\obj\app_AffDebug.o
 .text          0x00000000        0x0 ..\obj\startup_stm32f4xx.o
 .data          0x00000000        0x0 ..\obj\startup_stm32f4xx.o
 .bss           0x00000000        0x0 ..\obj\startup_stm32f4xx.o
 .text          0x00000000        0x0 ..\obj\equ_UltraSon.o
 .text          0x00000000        0x0 ..\obj\main.o
 .data          0x00000000        0x0 ..\obj\main.o
 .bss           0x00000000        0x0 ..\obj\main.o
 .rodata        0x00000000      0x118 ..\obj\main.o
 .text          0x00000000        0x0 ..\obj\stm32f4xx_rcc.o
 .bss           0x00000000        0x0 ..\obj\stm32f4xx_rcc.o
 .text.RCC_DeInit
                0x00000000       0x84 ..\obj\stm32f4xx_rcc.o
 .text.RCC_HSEConfig
                0x00000000       0x30 ..\obj\stm32f4xx_rcc.o
 .text.RCC_WaitForHSEStartUp
                0x00000000       0x64 ..\obj\stm32f4xx_rcc.o
 .text.RCC_AdjustHSICalibrationValue
                0x00000000       0x48 ..\obj\stm32f4xx_rcc.o
 .text.RCC_HSICmd
                0x00000000       0x20 ..\obj\stm32f4xx_rcc.o
 .text.RCC_LSEConfig
                0x00000000       0x60 ..\obj\stm32f4xx_rcc.o
 .text.RCC_LSICmd
                0x00000000       0x20 ..\obj\stm32f4xx_rcc.o
 .text.RCC_PLLConfig
                0x00000000       0x48 ..\obj\stm32f4xx_rcc.o
 .text.RCC_PLLCmd
                0x00000000       0x20 ..\obj\stm32f4xx_rcc.o
 .text.RCC_PLLI2SConfig
                0x00000000       0x30 ..\obj\stm32f4xx_rcc.o
 .text.RCC_PLLI2SCmd
                0x00000000       0x20 ..\obj\stm32f4xx_rcc.o
 .text.RCC_ClockSecuritySystemCmd
                0x00000000       0x20 ..\obj\stm32f4xx_rcc.o
 .text.RCC_MCO1Config
                0x00000000       0x48 ..\obj\stm32f4xx_rcc.o
 .text.RCC_MCO2Config
                0x00000000       0x48 ..\obj\stm32f4xx_rcc.o
 .text.RCC_SYSCLKConfig
                0x00000000       0x40 ..\obj\stm32f4xx_rcc.o
 .text.RCC_GetSYSCLKSource
                0x00000000       0x20 ..\obj\stm32f4xx_rcc.o
 .text.RCC_HCLKConfig
                0x00000000       0x40 ..\obj\stm32f4xx_rcc.o
 .text.RCC_PCLK1Config
                0x00000000       0x40 ..\obj\stm32f4xx_rcc.o
 .text.RCC_PCLK2Config
                0x00000000       0x44 ..\obj\stm32f4xx_rcc.o
 .text.RCC_RTCCLKConfig
                0x00000000       0x74 ..\obj\stm32f4xx_rcc.o
 .text.RCC_RTCCLKCmd
                0x00000000       0x20 ..\obj\stm32f4xx_rcc.o
 .text.RCC_BackupResetCmd
                0x00000000       0x20 ..\obj\stm32f4xx_rcc.o
 .text.RCC_I2SCLKConfig
                0x00000000       0x20 ..\obj\stm32f4xx_rcc.o
 .text.RCC_AHB2PeriphClockCmd
                0x00000000       0x54 ..\obj\stm32f4xx_rcc.o
 .text.RCC_AHB3PeriphClockCmd
                0x00000000       0x54 ..\obj\stm32f4xx_rcc.o
 .text.RCC_AHB1PeriphResetCmd
                0x00000000       0x54 ..\obj\stm32f4xx_rcc.o
 .text.RCC_AHB2PeriphResetCmd
                0x00000000       0x54 ..\obj\stm32f4xx_rcc.o
 .text.RCC_AHB3PeriphResetCmd
                0x00000000       0x54 ..\obj\stm32f4xx_rcc.o
 .text.RCC_AHB1PeriphClockLPModeCmd
                0x00000000       0x54 ..\obj\stm32f4xx_rcc.o
 .text.RCC_AHB2PeriphClockLPModeCmd
                0x00000000       0x54 ..\obj\stm32f4xx_rcc.o
 .text.RCC_AHB3PeriphClockLPModeCmd
                0x00000000       0x54 ..\obj\stm32f4xx_rcc.o
 .text.RCC_APB1PeriphClockLPModeCmd
                0x00000000       0x54 ..\obj\stm32f4xx_rcc.o
 .text.RCC_APB2PeriphClockLPModeCmd
                0x00000000       0x54 ..\obj\stm32f4xx_rcc.o
 .text.RCC_ITConfig
                0x00000000       0x60 ..\obj\stm32f4xx_rcc.o
 .text.RCC_GetFlagStatus
                0x00000000       0x90 ..\obj\stm32f4xx_rcc.o
 .text.RCC_ClearFlag
                0x00000000       0x24 ..\obj\stm32f4xx_rcc.o
 .text.RCC_GetITStatus
                0x00000000       0x40 ..\obj\stm32f4xx_rcc.o
 .text.RCC_ClearITPendingBit
                0x00000000       0x20 ..\obj\stm32f4xx_rcc.o
 .text          0x00000000        0x0 ..\obj\drv_USART.o
 .data          0x00000000        0x0 ..\obj\drv_USART.o
 .text.USART_SetInterruptState
                0x00000000       0xa4 ..\obj\drv_USART.o
 .text          0x00000000        0x0 ..\obj\bsp_carte.o
 .data          0x00000000        0x0 ..\obj\bsp_carte.o
 .text          0x00000000        0x0 ..\obj\drv_ADC.o
 .data          0x00000000        0x0 ..\obj\drv_ADC.o
 .text.ADC1_Tick
                0x00000000       0x78 ..\obj\drv_ADC.o
 .text.ADC_ConversionContinue_Activer
                0x00000000       0xa8 ..\obj\drv_ADC.o
 .text.ADC_ConversionContinue_Desactiver
                0x00000000       0xa8 ..\obj\drv_ADC.o
 .text.ADC_Get_mV
                0x00000000       0x40 ..\obj\drv_ADC.o
 .text          0x00000000        0x0 ..\obj\util_TSW.o
 .data          0x00000000        0x0 ..\obj\util_TSW.o
 .rodata        0x00000000       0xc4 ..\obj\util_TSW.o
 .text.TSW_Stop
                0x00000000       0x88 ..\obj\util_TSW.o
 .text.TSW_GetEtat
                0x00000000       0x3c ..\obj\util_TSW.o
 .text.TSW_IsFinished
                0x00000000       0x4c ..\obj\util_TSW.o
 .text.TSW_GetRemainingTime
                0x00000000       0x70 ..\obj\util_TSW.o
 .text          0x00000000        0x0 ..\obj\stm32f4xx_adc.o
 .data          0x00000000        0x0 ..\obj\stm32f4xx_adc.o
 .bss           0x00000000        0x0 ..\obj\stm32f4xx_adc.o
 .text.ADC_DeInit
                0x00000000       0x20 ..\obj\stm32f4xx_adc.o
 .text.ADC_AnalogWatchdogCmd
                0x00000000       0x3c ..\obj\stm32f4xx_adc.o
 .text.ADC_AnalogWatchdogThresholdsConfig
                0x00000000       0x28 ..\obj\stm32f4xx_adc.o
 .text.ADC_AnalogWatchdogSingleChannelConfig
                0x00000000       0x38 ..\obj\stm32f4xx_adc.o
 .text.ADC_TempSensorVrefintCmd
                0x00000000       0x4c ..\obj\stm32f4xx_adc.o
 .text.ADC_VBATCmd
                0x00000000       0x4c ..\obj\stm32f4xx_adc.o
 .text.ADC_GetSoftwareStartConvStatus
                0x00000000       0x38 ..\obj\stm32f4xx_adc.o
 .text.ADC_EOCOnEachRegularChannelCmd
                0x00000000       0x38 ..\obj\stm32f4xx_adc.o
 .text.ADC_ContinuousModeCmd
                0x00000000       0x38 ..\obj\stm32f4xx_adc.o
 .text.ADC_DiscModeChannelCountConfig
                0x00000000       0x4c ..\obj\stm32f4xx_adc.o
 .text.ADC_DiscModeCmd
                0x00000000       0x38 ..\obj\stm32f4xx_adc.o
 .text.ADC_GetMultiModeConversionValue
                0x00000000       0x18 ..\obj\stm32f4xx_adc.o
 .text.ADC_DMACmd
                0x00000000       0x38 ..\obj\stm32f4xx_adc.o
 .text.ADC_DMARequestAfterLastTransferCmd
                0x00000000       0x38 ..\obj\stm32f4xx_adc.o
 .text.ADC_MultiModeDMARequestAfterLastTransferCmd
                0x00000000       0x4c ..\obj\stm32f4xx_adc.o
 .text.ADC_InjectedChannelConfig
                0x00000000      0x144 ..\obj\stm32f4xx_adc.o
 .text.ADC_InjectedSequencerLengthConfig
                0x00000000       0x4c ..\obj\stm32f4xx_adc.o
 .text.ADC_SetInjectedOffset
                0x00000000       0x34 ..\obj\stm32f4xx_adc.o
 .text.ADC_ExternalTrigInjectedConvConfig
                0x00000000       0x38 ..\obj\stm32f4xx_adc.o
 .text.ADC_ExternalTrigInjectedConvEdgeConfig
                0x00000000       0x38 ..\obj\stm32f4xx_adc.o
 .text.ADC_SoftwareStartInjectedConv
                0x00000000       0x20 ..\obj\stm32f4xx_adc.o
 .text.ADC_GetSoftwareStartInjectedConvCmdStatus
                0x00000000       0x38 ..\obj\stm32f4xx_adc.o
 .text.ADC_AutoInjectedConvCmd
                0x00000000       0x38 ..\obj\stm32f4xx_adc.o
 .text.ADC_InjectedDiscModeCmd
                0x00000000       0x38 ..\obj\stm32f4xx_adc.o
 .text.ADC_GetInjectedConversionValue
                0x00000000       0x34 ..\obj\stm32f4xx_adc.o
 .text.ADC_GetFlagStatus
                0x00000000       0x3c ..\obj\stm32f4xx_adc.o
 .text.ADC_ClearFlag
                0x00000000       0x20 ..\obj\stm32f4xx_adc.o
 .text.ADC_ClearITPendingBit
                0x00000000       0x30 ..\obj\stm32f4xx_adc.o
 .text          0x00000000        0x0 ..\obj\printf.o
 .bss           0x00000000        0x0 ..\obj\printf.o
 .text.fprintf  0x00000000       0x30 ..\obj\printf.o
 .text.puts     0x00000000       0x28 ..\obj\printf.o
 .text          0x00000000        0x0 ..\obj\drv_TimBase.o
 .data          0x00000000        0x0 ..\obj\drv_TimBase.o
 .bss           0x00000000        0x0 ..\obj\drv_TimBase.o
 .text          0x00000000        0x0 ..\obj\util_Console.o
 .text.Console_GetPresence
                0x00000000       0x18 ..\obj\util_Console.o
 .text.Console_PingTerminal
                0x00000000       0x24 ..\obj\util_Console.o
 .text.Console_GetResp
                0x00000000       0x90 ..\obj\util_Console.o
 .text.Console_AttenteNvPing
                0x00000000       0x20 ..\obj\util_Console.o
 .text          0x00000000        0x0 ..\obj\stm32f4xx_gpio.o
 .data          0x00000000        0x0 ..\obj\stm32f4xx_gpio.o
 .bss           0x00000000        0x0 ..\obj\stm32f4xx_gpio.o
 .text.GPIO_DeInit
                0x00000000      0x178 ..\obj\stm32f4xx_gpio.o
 .text.GPIO_StructInit
                0x00000000       0x3c ..\obj\stm32f4xx_gpio.o
 .text.GPIO_PinLockConfig
                0x00000000       0x44 ..\obj\stm32f4xx_gpio.o
 .text.GPIO_ReadInputData
                0x00000000       0x1c ..\obj\stm32f4xx_gpio.o
 .text.GPIO_ReadOutputData
                0x00000000       0x1c ..\obj\stm32f4xx_gpio.o
 .text.GPIO_SetBits
                0x00000000       0x1c ..\obj\stm32f4xx_gpio.o
 .text.GPIO_ResetBits
                0x00000000       0x1c ..\obj\stm32f4xx_gpio.o
 .text.GPIO_WriteBit
                0x00000000       0x30 ..\obj\stm32f4xx_gpio.o
 .text.GPIO_Write
                0x00000000       0x1c ..\obj\stm32f4xx_gpio.o
 .text.GPIO_ToggleBits
                0x00000000       0x24 ..\obj\stm32f4xx_gpio.o
 .text          0x00000000        0x0 ..\obj\system_stm32f4xx.o
 .bss           0x00000000        0x0 ..\obj\system_stm32f4xx.o
 .text.SystemInit
                0x00000000       0x94 ..\obj\system_stm32f4xx.o
 .text.SetSysClock
                0x00000000      0x188 ..\obj\system_stm32f4xx.o
 .text          0x00000000        0x0 ..\obj\syscalls.o
 .data          0x00000000        0x0 ..\obj\syscalls.o
 .bss           0x00000000        0x4 ..\obj\syscalls.o
 .text._sbrk    0x00000000       0x5c ..\obj\syscalls.o
 .text.link     0x00000000       0x1c ..\obj\syscalls.o
 .text._close   0x00000000       0x18 ..\obj\syscalls.o
 .text._fstat   0x00000000       0x24 ..\obj\syscalls.o
 .text._isatty  0x00000000       0x18 ..\obj\syscalls.o
 .text._lseek   0x00000000       0x1c ..\obj\syscalls.o
 .text._read    0x00000000       0x1c ..\obj\syscalls.o
 .text._write   0x00000000       0x1c ..\obj\syscalls.o
 .text.abort    0x00000000        0x8 ..\obj\syscalls.o
 .debug_info    0x00000000      0x443 ..\obj\syscalls.o
 .debug_abbrev  0x00000000       0xe4 ..\obj\syscalls.o
 .debug_loc     0x00000000      0x1ec ..\obj\syscalls.o
 .debug_aranges
                0x00000000       0x60 ..\obj\syscalls.o
 .debug_ranges  0x00000000       0x50 ..\obj\syscalls.o
 .debug_line    0x00000000      0x1a1 ..\obj\syscalls.o
 .debug_str     0x00000000      0x298 ..\obj\syscalls.o
 .comment       0x00000000       0x71 ..\obj\syscalls.o
 .ARM.attributes
                0x00000000       0x33 ..\obj\syscalls.o
 .debug_frame   0x00000000      0x108 ..\obj\syscalls.o
 .text          0x00000000        0x0 ..\obj\app_GestionOuverture.o
 .data          0x00000000        0x0 ..\obj\app_GestionOuverture.o
 .bss           0x00000000        0x0 ..\obj\app_GestionOuverture.o
 .rodata        0x00000000      0x118 ..\obj\app_GestionOuverture.o
 .debug_info    0x00000000      0x862 ..\obj\app_GestionOuverture.o
 .debug_abbrev  0x00000000       0xe6 ..\obj\app_GestionOuverture.o
 .debug_aranges
                0x00000000       0x18 ..\obj\app_GestionOuverture.o
 .debug_line    0x00000000      0x1de ..\obj\app_GestionOuverture.o
 .debug_str     0x00000000      0x604 ..\obj\app_GestionOuverture.o
 .comment       0x00000000       0x71 ..\obj\app_GestionOuverture.o
 .ARM.attributes
                0x00000000       0x33 ..\obj\app_GestionOuverture.o
 .text          0x00000000        0x0 ..\obj\misc.o
 .data          0x00000000        0x0 ..\obj\misc.o
 .bss           0x00000000        0x0 ..\obj\misc.o
 .text.NVIC_PriorityGroupConfig
                0x00000000       0x28 ..\obj\misc.o
 .text.NVIC_SetVectorTable
                0x00000000       0x2c ..\obj\misc.o
 .text.NVIC_SystemLPConfig
                0x00000000       0x54 ..\obj\misc.o
 .text.SysTick_CLKSourceConfig
                0x00000000       0x4c ..\obj\misc.o
 .text          0x00000000        0x0 ..\obj\drv_GPIO.o
 .data          0x00000000        0x0 ..\obj\drv_GPIO.o
 .bss           0x00000000        0x0 ..\obj\drv_GPIO.o
 .text.GPIO_Set
                0x00000000      0x100 ..\obj\drv_GPIO.o
 .text.GPIO_Value_toString
                0x00000000      0x138 ..\obj\drv_GPIO.o
 .text          0x00000000        0x0 ..\obj\drv_PWM.o
 .data          0x00000000        0x0 ..\obj\drv_PWM.o
 .text          0x00000000        0x0 ..\obj\stm32f4xx_tim.o
 .data          0x00000000        0x0 ..\obj\stm32f4xx_tim.o
 .bss           0x00000000        0x0 ..\obj\stm32f4xx_tim.o
 .text.TIM_PrescalerConfig
                0x00000000       0x28 ..\obj\stm32f4xx_tim.o
 .text.TIM_CounterModeConfig
                0x00000000       0x38 ..\obj\stm32f4xx_tim.o
 .text.TIM_SetCounter
                0x00000000       0x1c ..\obj\stm32f4xx_tim.o
 .text.TIM_SetAutoreload
                0x00000000       0x1c ..\obj\stm32f4xx_tim.o
 .text.TIM_GetCounter
                0x00000000       0x18 ..\obj\stm32f4xx_tim.o
 .text.TIM_GetPrescaler
                0x00000000       0x1c ..\obj\stm32f4xx_tim.o
 .text.TIM_UpdateDisableConfig
                0x00000000       0x40 ..\obj\stm32f4xx_tim.o
 .text.TIM_UpdateRequestConfig
                0x00000000       0x40 ..\obj\stm32f4xx_tim.o
 .text.TIM_ARRPreloadConfig
                0x00000000       0x40 ..\obj\stm32f4xx_tim.o
 .text.TIM_SelectOnePulseMode
                0x00000000       0x38 ..\obj\stm32f4xx_tim.o
 .text.TIM_SetClockDivision
                0x00000000       0x38 ..\obj\stm32f4xx_tim.o
 .text.TIM_SelectOCxM
                0x00000000       0xc0 ..\obj\stm32f4xx_tim.o
 .text.TIM_SetCompare1
                0x00000000       0x1c ..\obj\stm32f4xx_tim.o
 .text.TIM_SetCompare2
                0x00000000       0x1c ..\obj\stm32f4xx_tim.o
 .text.TIM_SetCompare3
                0x00000000       0x1c ..\obj\stm32f4xx_tim.o
 .text.TIM_SetCompare4
                0x00000000       0x1c ..\obj\stm32f4xx_tim.o
 .text.TIM_ForcedOC1Config
                0x00000000       0x38 ..\obj\stm32f4xx_tim.o
 .text.TIM_ForcedOC2Config
                0x00000000       0x40 ..\obj\stm32f4xx_tim.o
 .text.TIM_ForcedOC3Config
                0x00000000       0x38 ..\obj\stm32f4xx_tim.o
 .text.TIM_ForcedOC4Config
                0x00000000       0x40 ..\obj\stm32f4xx_tim.o
 .text.TIM_OC1FastConfig
                0x00000000       0x38 ..\obj\stm32f4xx_tim.o
 .text.TIM_OC2FastConfig
                0x00000000       0x40 ..\obj\stm32f4xx_tim.o
 .text.TIM_OC3FastConfig
                0x00000000       0x38 ..\obj\stm32f4xx_tim.o
 .text.TIM_OC4FastConfig
                0x00000000       0x40 ..\obj\stm32f4xx_tim.o
 .text.TIM_ClearOC1Ref
                0x00000000       0x38 ..\obj\stm32f4xx_tim.o
 .text.TIM_ClearOC2Ref
                0x00000000       0x44 ..\obj\stm32f4xx_tim.o
 .text.TIM_ClearOC3Ref
                0x00000000       0x38 ..\obj\stm32f4xx_tim.o
 .text.TIM_ClearOC4Ref
                0x00000000       0x44 ..\obj\stm32f4xx_tim.o
 .text.TIM_OC1PolarityConfig
                0x00000000       0x38 ..\obj\stm32f4xx_tim.o
 .text.TIM_OC1NPolarityConfig
                0x00000000       0x38 ..\obj\stm32f4xx_tim.o
 .text.TIM_OC2PolarityConfig
                0x00000000       0x40 ..\obj\stm32f4xx_tim.o
 .text.TIM_OC2NPolarityConfig
                0x00000000       0x40 ..\obj\stm32f4xx_tim.o
 .text.TIM_OC3PolarityConfig
                0x00000000       0x40 ..\obj\stm32f4xx_tim.o
 .text.TIM_OC3NPolarityConfig
                0x00000000       0x40 ..\obj\stm32f4xx_tim.o
 .text.TIM_OC4PolarityConfig
                0x00000000       0x40 ..\obj\stm32f4xx_tim.o
 .text.TIM_CCxNCmd
                0x00000000       0x5c ..\obj\stm32f4xx_tim.o
 .text.TIM_ICInit
                0x00000000       0xa8 ..\obj\stm32f4xx_tim.o
 .text.TIM_ICStructInit
                0x00000000       0x3c ..\obj\stm32f4xx_tim.o
 .text.TIM_PWMIConfig
                0x00000000       0xc4 ..\obj\stm32f4xx_tim.o
 .text.TIM_GetCapture1
                0x00000000       0x18 ..\obj\stm32f4xx_tim.o
 .text.TIM_GetCapture2
                0x00000000       0x18 ..\obj\stm32f4xx_tim.o
 .text.TIM_GetCapture3
                0x00000000       0x18 ..\obj\stm32f4xx_tim.o
 .text.TIM_GetCapture4
                0x00000000       0x18 ..\obj\stm32f4xx_tim.o
 .text.TIM_SetIC1Prescaler
                0x00000000       0x38 ..\obj\stm32f4xx_tim.o
 .text.TIM_SetIC2Prescaler
                0x00000000       0x3c ..\obj\stm32f4xx_tim.o
 .text.TIM_SetIC3Prescaler
                0x00000000       0x38 ..\obj\stm32f4xx_tim.o
 .text.TIM_SetIC4Prescaler
                0x00000000       0x3c ..\obj\stm32f4xx_tim.o
 .text.TIM_BDTRConfig
                0x00000000       0x50 ..\obj\stm32f4xx_tim.o
 .text.TIM_BDTRStructInit
                0x00000000       0x4c ..\obj\stm32f4xx_tim.o
 .text.TIM_SelectCOM
                0x00000000       0x40 ..\obj\stm32f4xx_tim.o
 .text.TIM_CCPreloadControl
                0x00000000       0x40 ..\obj\stm32f4xx_tim.o
 .text.TIM_GenerateEvent
                0x00000000       0x1c ..\obj\stm32f4xx_tim.o
 .text.TIM_GetFlagStatus
                0x00000000       0x40 ..\obj\stm32f4xx_tim.o
 .text.TIM_ClearFlag
                0x00000000       0x24 ..\obj\stm32f4xx_tim.o
 .text.TIM_GetITStatus
                0x00000000       0x60 ..\obj\stm32f4xx_tim.o
 .text.TIM_ClearITPendingBit
                0x00000000       0x24 ..\obj\stm32f4xx_tim.o
 .text.TIM_DMAConfig
                0x00000000       0x28 ..\obj\stm32f4xx_tim.o
 .text.TIM_DMACmd
                0x00000000       0x48 ..\obj\stm32f4xx_tim.o
 .text.TIM_SelectCCDMA
                0x00000000       0x40 ..\obj\stm32f4xx_tim.o
 .text.TIM_InternalClockConfig
                0x00000000       0x24 ..\obj\stm32f4xx_tim.o
 .text.TIM_ITRxExternalClockConfig
                0x00000000       0x30 ..\obj\stm32f4xx_tim.o
 .text.TIM_TIxExternalClockConfig
                0x00000000       0x58 ..\obj\stm32f4xx_tim.o
 .text.TIM_ETRClockMode1Config
                0x00000000       0x54 ..\obj\stm32f4xx_tim.o
 .text.TIM_ETRClockMode2Config
                0x00000000       0x34 ..\obj\stm32f4xx_tim.o
 .text.TIM_SelectInputTrigger
                0x00000000       0x38 ..\obj\stm32f4xx_tim.o
 .text.TIM_SelectOutputTrigger
                0x00000000       0x38 ..\obj\stm32f4xx_tim.o
 .text.TIM_SelectSlaveMode
                0x00000000       0x38 ..\obj\stm32f4xx_tim.o
 .text.TIM_SelectMasterSlaveMode
                0x00000000       0x38 ..\obj\stm32f4xx_tim.o
 .text.TIM_ETRConfig
                0x00000000       0x4c ..\obj\stm32f4xx_tim.o
 .text.TIM_EncoderInterfaceConfig
                0x00000000       0x94 ..\obj\stm32f4xx_tim.o
 .text.TIM_SelectHallSensor
                0x00000000       0x40 ..\obj\stm32f4xx_tim.o
 .text.TIM_RemapConfig
                0x00000000       0x20 ..\obj\stm32f4xx_tim.o
 .text.TI1_Config
                0x00000000       0x80 ..\obj\stm32f4xx_tim.o
 .text.TI2_Config
                0x00000000       0x9c ..\obj\stm32f4xx_tim.o
 .text.TI3_Config
                0x00000000       0x8c ..\obj\stm32f4xx_tim.o
 .text.TI4_Config
                0x00000000       0xa4 ..\obj\stm32f4xx_tim.o
 .text          0x00000000        0x0 c:/program files (x86)/gnu tools arm embedded/4.7 2013q2/bin/../lib/gcc/arm-none-eabi/4.7.4/../../../../arm-none-eabi/lib/armv7e-m\libg.a(lib_a-memcpy.o)
 .data          0x00000000        0x0 c:/program files (x86)/gnu tools arm embedded/4.7 2013q2/bin/../lib/gcc/arm-none-eabi/4.7.4/../../../../arm-none-eabi/lib/armv7e-m\libg.a(lib_a-memcpy.o)
 .bss           0x00000000        0x0 c:/program files (x86)/gnu tools arm embedded/4.7 2013q2/bin/../lib/gcc/arm-none-eabi/4.7.4/../../../../arm-none-eabi/lib/armv7e-m\libg.a(lib_a-memcpy.o)
 .text          0x00000000        0x0 c:/program files (x86)/gnu tools arm embedded/4.7 2013q2/bin/../lib/gcc/arm-none-eabi/4.7.4/../../../../arm-none-eabi/lib/armv7e-m\libg.a(lib_a-memset.o)
 .data          0x00000000        0x0 c:/program files (x86)/gnu tools arm embedded/4.7 2013q2/bin/../lib/gcc/arm-none-eabi/4.7.4/../../../../arm-none-eabi/lib/armv7e-m\libg.a(lib_a-memset.o)
 .bss           0x00000000        0x0 c:/program files (x86)/gnu tools arm embedded/4.7 2013q2/bin/../lib/gcc/arm-none-eabi/4.7.4/../../../../arm-none-eabi/lib/armv7e-m\libg.a(lib_a-memset.o)
 .text          0x00000000        0x0 c:/program files (x86)/gnu tools arm embedded/4.7 2013q2/bin/../lib/gcc/arm-none-eabi/4.7.4/../../../../arm-none-eabi/lib/armv7e-m\libg.a(lib_a-strlen.o)
 .data          0x00000000        0x0 c:/program files (x86)/gnu tools arm embedded/4.7 2013q2/bin/../lib/gcc/arm-none-eabi/4.7.4/../../../../arm-none-eabi/lib/armv7e-m\libg.a(lib_a-strlen.o)
 .bss           0x00000000        0x0 c:/program files (x86)/gnu tools arm embedded/4.7 2013q2/bin/../lib/gcc/arm-none-eabi/4.7.4/../../../../arm-none-eabi/lib/armv7e-m\libg.a(lib_a-strlen.o)
 .text          0x00000000        0x0 c:/program files (x86)/gnu tools arm embedded/4.7 2013q2/bin/../lib/gcc/arm-none-eabi/4.7.4/../../../../arm-none-eabi/lib/armv7e-m\libg.a(lib_a-strncat.o)
 .data          0x00000000        0x0 c:/program files (x86)/gnu tools arm embedded/4.7 2013q2/bin/../lib/gcc/arm-none-eabi/4.7.4/../../../../arm-none-eabi/lib/armv7e-m\libg.a(lib_a-strncat.o)
 .bss           0x00000000        0x0 c:/program files (x86)/gnu tools arm embedded/4.7 2013q2/bin/../lib/gcc/arm-none-eabi/4.7.4/../../../../arm-none-eabi/lib/armv7e-m\libg.a(lib_a-strncat.o)
 .text          0x00000000        0x0 c:/program files (x86)/gnu tools arm embedded/4.7 2013q2/bin/../lib/gcc/arm-none-eabi/4.7.4/../../../../arm-none-eabi/lib/armv7e-m\libg.a(lib_a-strncmp.o)
 .data          0x00000000        0x0 c:/program files (x86)/gnu tools arm embedded/4.7 2013q2/bin/../lib/gcc/arm-none-eabi/4.7.4/../../../../arm-none-eabi/lib/armv7e-m\libg.a(lib_a-strncmp.o)
 .bss           0x00000000        0x0 c:/program files (x86)/gnu tools arm embedded/4.7 2013q2/bin/../lib/gcc/arm-none-eabi/4.7.4/../../../../arm-none-eabi/lib/armv7e-m\libg.a(lib_a-strncmp.o)
 .text          0x00000000        0x0 c:/program files (x86)/gnu tools arm embedded/4.7 2013q2/bin/../lib/gcc/arm-none-eabi/4.7.4/../../../../arm-none-eabi/lib/armv7e-m\libg.a(lib_a-strncpy.o)
 .data          0x00000000        0x0 c:/program files (x86)/gnu tools arm embedded/4.7 2013q2/bin/../lib/gcc/arm-none-eabi/4.7.4/../../../../arm-none-eabi/lib/armv7e-m\libg.a(lib_a-strncpy.o)
 .bss           0x00000000        0x0 c:/program files (x86)/gnu tools arm embedded/4.7 2013q2/bin/../lib/gcc/arm-none-eabi/4.7.4/../../../../arm-none-eabi/lib/armv7e-m\libg.a(lib_a-strncpy.o)

Memory Configuration

Name             Origin             Length             Attributes
rom              0x08000000         0x00100000         xr
ram              0x20000000         0x00020000         xrw
ram1             0x10000000         0x00010000         xrw
*default*        0x00000000         0xffffffff

Linker script and memory map

                0x20020000                _eram = 0x20020000

.text           0x08000000     0x7844
 *(.isr_vector .isr_vector.*)
 .isr_vector    0x08000000      0x188 ..\obj\startup_stm32f4xx.o
                0x08000000                g_pfnVectors
 *(.text .text.* .gnu.linkonce.t.*)
 .text.MicroServo_Main
                0x08000188       0xd4 ..\obj\equ_ServoDirection.o
                0x08000188                MicroServo_Main
 .text.MicroServo_SetNewPosition
                0x0800025c       0x40 ..\obj\equ_ServoDirection.o
                0x0800025c                MicroServo_SetNewPosition
 .text.MicroServo_toString
                0x0800029c      0x198 ..\obj\equ_ServoDirection.o
                0x0800029c                MicroServo_toString
 .text.BtnPssr_LaunchUpdate
                0x08000434       0x74 ..\obj\bsp_BoutonPoussoir.o
                0x08000434                BtnPssr_LaunchUpdate
 .text.BtnPssr_ReadState
                0x080004a8       0x30 ..\obj\bsp_BoutonPoussoir.o
                0x080004a8                BtnPssr_ReadState
 .text.Button_Value_toString
                0x080004d8      0x120 ..\obj\bsp_BoutonPoussoir.o
                0x080004d8                Button_Value_toString
 .text.USART_Init
                0x080005f8      0x1ac ..\obj\stm32f4xx_usart.o
                0x080005f8                USART_Init
 .text.USART_ClockInit
                0x080007a4       0x54 ..\obj\stm32f4xx_usart.o
                0x080007a4                USART_ClockInit
 .text.USART_Cmd
                0x080007f8       0x40 ..\obj\stm32f4xx_usart.o
                0x080007f8                USART_Cmd
 .text.USART_SendData
                0x08000838       0x28 ..\obj\stm32f4xx_usart.o
                0x08000838                USART_SendData
 .text.USART_ReceiveData
                0x08000860       0x24 ..\obj\stm32f4xx_usart.o
                0x08000860                USART_ReceiveData
 .text.USART_GetFlagStatus
                0x08000884       0x40 ..\obj\stm32f4xx_usart.o
                0x08000884                USART_GetFlagStatus
 .text.Affichage_Main
                0x080008c4       0x44 ..\obj\app_AffDebug.o
                0x080008c4                Affichage_Main
 .text.setDureeTourBoucle
                0x08000908       0x68 ..\obj\app_AffDebug.o
                0x08000908                setDureeTourBoucle
 .text.Affichage_Intro
                0x08000970      0x1d8 ..\obj\app_AffDebug.o
                0x08000970                Affichage_Intro
 .text.Affichage_Data
                0x08000b48      0x1d4 ..\obj\app_AffDebug.o
                0x08000b48                Affichage_Data
 .text.Timestamp_toString
                0x08000d1c       0xb4 ..\obj\app_AffDebug.o
                0x08000d1c                Timestamp_toString
 .text.TrBclMoy_toString
                0x08000dd0       0x9c ..\obj\app_AffDebug.o
                0x08000dd0                TrBclMoy_toString
 .text.Default_Reset_Handler
                0x08000e6c       0x6c ..\obj\startup_stm32f4xx.o
                0x08000e6c                Default_Reset_Handler
                0x08000e6c                Reset_Handler
 .text.Default_Handler
                0x08000ed8        0x8 ..\obj\startup_stm32f4xx.o
                0x08000ed8                RTC_Alarm_IRQHandler
                0x08000ed8                HASH_RNG_IRQHandler
                0x08000ed8                EXTI2_IRQHandler
                0x08000ed8                TIM8_CC_IRQHandler
                0x08000ed8                DebugMon_Handler
                0x08000ed8                TIM1_CC_IRQHandler
                0x08000ed8                DMA2_Stream5_IRQHandler
                0x08000ed8                HardFault_Handler
                0x08000ed8                DMA1_Stream5_IRQHandler
                0x08000ed8                PVD_IRQHandler
                0x08000ed8                SDIO_IRQHandler
                0x08000ed8                TAMP_STAMP_IRQHandler
                0x08000ed8                PendSV_Handler
                0x08000ed8                NMI_Handler
                0x08000ed8                CAN2_RX1_IRQHandler
                0x08000ed8                EXTI3_IRQHandler
                0x08000ed8                TIM8_TRG_COM_TIM14_IRQHandler
                0x08000ed8                TIM1_UP_TIM10_IRQHandler
                0x08000ed8                TIM8_UP_TIM13_IRQHandler
                0x08000ed8                I2C3_ER_IRQHandler
                0x08000ed8                EXTI0_IRQHandler
                0x08000ed8                I2C2_EV_IRQHandler
                0x08000ed8                DMA1_Stream2_IRQHandler
                0x08000ed8                CAN1_RX0_IRQHandler
                0x08000ed8                FPU_IRQHandler
                0x08000ed8                OTG_HS_WKUP_IRQHandler
                0x08000ed8                UsageFault_Handler
                0x08000ed8                CAN2_SCE_IRQHandler
                0x08000ed8                DMA2_Stream2_IRQHandler
                0x08000ed8                SPI1_IRQHandler
                0x08000ed8                TIM6_DAC_IRQHandler
                0x08000ed8                TIM1_BRK_TIM9_IRQHandler
                0x08000ed8                DCMI_IRQHandler
                0x08000ed8                CAN2_RX0_IRQHandler
                0x08000ed8                DMA2_Stream3_IRQHandler
                0x08000ed8                USART3_IRQHandler
                0x08000ed8                CRYP_IRQHandler
                0x08000ed8                CAN1_RX1_IRQHandler
                0x08000ed8                UART5_IRQHandler
                0x08000ed8                DMA2_Stream0_IRQHandler
                0x08000ed8                I2C1_EV_IRQHandler
                0x08000ed8                DMA1_Stream6_IRQHandler
                0x08000ed8                DMA1_Stream1_IRQHandler
                0x08000ed8                UART4_IRQHandler
                0x08000ed8                RCC_IRQHandler
                0x08000ed8                TIM8_BRK_TIM12_IRQHandler
                0x08000ed8                EXTI15_10_IRQHandler
                0x08000ed8                DMA1_Stream7_IRQHandler
                0x08000ed8                TIM7_IRQHandler
                0x08000ed8                CAN2_TX_IRQHandler
                0x08000ed8                TIM5_IRQHandler
                0x08000ed8                DMA2_Stream7_IRQHandler
                0x08000ed8                I2C3_EV_IRQHandler
                0x08000ed8                EXTI9_5_IRQHandler
                0x08000ed8                RTC_WKUP_IRQHandler
                0x08000ed8                ETH_WKUP_IRQHandler
                0x08000ed8                SPI2_IRQHandler
                0x08000ed8                OTG_HS_EP1_IN_IRQHandler
                0x08000ed8                MemManage_Handler
                0x08000ed8                DMA1_Stream0_IRQHandler
                0x08000ed8                CAN1_TX_IRQHandler
                0x08000ed8                SVC_Handler
                0x08000ed8                EXTI4_IRQHandler
                0x08000ed8                FSMC_IRQHandler
                0x08000ed8                ETH_IRQHandler
                0x08000ed8                OTG_HS_EP1_OUT_IRQHandler
                0x08000ed8                WWDG_IRQHandler
                0x08000ed8                OTG_FS_WKUP_IRQHandler
                0x08000ed8                TIM1_TRG_COM_TIM11_IRQHandler
                0x08000ed8                OTG_HS_IRQHandler
                0x08000ed8                EXTI1_IRQHandler
                0x08000ed8                USART2_IRQHandler
                0x08000ed8                I2C2_ER_IRQHandler
                0x08000ed8                DMA2_Stream1_IRQHandler
                0x08000ed8                CAN1_SCE_IRQHandler
                0x08000ed8                FLASH_IRQHandler
                0x08000ed8                DMA2_Stream4_IRQHandler
                0x08000ed8                BusFault_Handler
                0x08000ed8                USART1_IRQHandler
                0x08000ed8                OTG_FS_IRQHandler
                0x08000ed8                SPI3_IRQHandler
                0x08000ed8                DMA1_Stream4_IRQHandler
                0x08000ed8                I2C1_ER_IRQHandler
                0x08000ed8                DMA2_Stream6_IRQHandler
                0x08000ed8                DMA1_Stream3_IRQHandler
 .text.UltraSon_main
                0x08000ee0       0x64 ..\obj\equ_UltraSon.o
                0x08000ee0                UltraSon_main
 .text.UltraSon_toString
                0x08000f44       0x8c ..\obj\equ_UltraSon.o
                0x08000f44                UltraSon_toString
 .text.UltraSon_InitTrig
                0x08000fd0       0x30 ..\obj\equ_UltraSon.o
 .text.UltraSon_InitEcho
                0x08001000       0x4c ..\obj\equ_UltraSon.o
 .text.NVIC_SetPriority
                0x0800104c       0x5c ..\obj\main.o
 .text.SysTick_Config
                0x080010a8       0x64 ..\obj\main.o
 .text.main     0x0800110c       0xec ..\obj\main.o
                0x0800110c                main
 .text.RCC_GetClocksFreq
                0x080011f8      0x1cc ..\obj\stm32f4xx_rcc.o
                0x080011f8                RCC_GetClocksFreq
 .text.RCC_AHB1PeriphClockCmd
                0x080013c4       0x54 ..\obj\stm32f4xx_rcc.o
                0x080013c4                RCC_AHB1PeriphClockCmd
 .text.RCC_APB1PeriphClockCmd
                0x08001418       0x54 ..\obj\stm32f4xx_rcc.o
                0x08001418                RCC_APB1PeriphClockCmd
 .text.RCC_APB2PeriphClockCmd
                0x0800146c       0x54 ..\obj\stm32f4xx_rcc.o
                0x0800146c                RCC_APB2PeriphClockCmd
 .text.RCC_APB1PeriphResetCmd
                0x080014c0       0x54 ..\obj\stm32f4xx_rcc.o
                0x080014c0                RCC_APB1PeriphResetCmd
 .text.RCC_APB2PeriphResetCmd
                0x08001514       0x54 ..\obj\stm32f4xx_rcc.o
                0x08001514                RCC_APB2PeriphResetCmd
 .text.Usart_InitPeriph
                0x08001568      0x3cc ..\obj\drv_USART.o
                0x08001568                Usart_InitPeriph
 .text.USART_Write
                0x08001934       0xc0 ..\obj\drv_USART.o
                0x08001934                USART_Write
 .text.USART6_IRQHandler
                0x080019f4        0xc ..\obj\drv_USART.o
                0x080019f4                USART6_IRQHandler
 .text.USART_RccInit
                0x08001a00       0x8c ..\obj\drv_USART.o
                0x08001a00                USART_RccInit
 .text.USART_GetPeriphEnum
                0x08001a8c       0x74 ..\obj\drv_USART.o
                0x08001a8c                USART_GetPeriphEnum
 .text.BSP_Init
                0x08001b00      0x160 ..\obj\bsp_carte.o
                0x08001b00                BSP_Init
 .text.toString_GetPeriphral
                0x08001c60      0x140 ..\obj\bsp_carte.o
                0x08001c60                toString_GetPeriphral
 .text.toString_GetPin
                0x08001da0      0x24c ..\obj\bsp_carte.o
                0x08001da0                toString_GetPin
 .text.BSP_Init_RCCPeriph
                0x08001fec      0x254 ..\obj\bsp_carte.o
                0x08001fec                BSP_Init_RCCPeriph
 .text.GetPinSource
                0x08002240      0x108 ..\obj\bsp_carte.o
                0x08002240                GetPinSource
 .text.ADC_ChannelConfigure
                0x08002348      0x394 ..\obj\drv_ADC.o
                0x08002348                ADC_ChannelConfigure
 .text.ADC_IRQHandler
                0x080026dc      0x308 ..\obj\drv_ADC.o
                0x080026dc                ADC_IRQHandler
 .text.ADC_GetConversionStatus
                0x080029e4       0x28 ..\obj\drv_ADC.o
                0x080029e4                ADC_GetConversionStatus
 .text.ADC_StartConversion
                0x08002a0c       0xe0 ..\obj\drv_ADC.o
                0x08002a0c                ADC_StartConversion
 .text.ADC_init
                0x08002aec      0x218 ..\obj\drv_ADC.o
 .text.prvADCvalue_to_mV
                0x08002d04       0x44 ..\obj\drv_ADC.o
 .text.prvADC_GetNextActif
                0x08002d48       0xd4 ..\obj\drv_ADC.o
 .text.ADC_initRCC
                0x08002e1c       0x64 ..\obj\drv_ADC.o
 .text.ADC_GetADCPeriph
                0x08002e80       0x54 ..\obj\drv_ADC.o
 .text.SysTick_Handler
                0x08002ed4       0x40 ..\obj\util_TSW.o
                0x08002ed4                SysTick_Handler
 .text.TSW_init
                0x08002f14       0xa8 ..\obj\util_TSW.o
                0x08002f14                TSW_init
 .text.TSW_Start
                0x08002fbc       0xac ..\obj\util_TSW.o
                0x08002fbc                TSW_Start
 .text.TSW_GetStatus
                0x08003068       0x3c ..\obj\util_TSW.o
                0x08003068                TSW_GetStatus
 .text.TSW_Reset
                0x080030a4       0x78 ..\obj\util_TSW.o
                0x080030a4                TSW_Reset
 .text.TSW_GetTimestamp
                0x0800311c       0x18 ..\obj\util_TSW.o
                0x0800311c                TSW_GetTimestamp
 .text.TSW_GetElapsedTime
                0x08003134       0x4c ..\obj\util_TSW.o
                0x08003134                TSW_GetElapsedTime
 .text.TSW_HANDLE
                0x08003180       0xac ..\obj\util_TSW.o
                0x08003180                TSW_HANDLE
 .text.ADC_Init
                0x0800322c       0xb8 ..\obj\stm32f4xx_adc.o
                0x0800322c                ADC_Init
 .text.ADC_StructInit
                0x080032e4       0x4c ..\obj\stm32f4xx_adc.o
                0x080032e4                ADC_StructInit
 .text.ADC_CommonInit
                0x08003330       0x5c ..\obj\stm32f4xx_adc.o
                0x08003330                ADC_CommonInit
 .text.ADC_CommonStructInit
                0x0800338c       0x34 ..\obj\stm32f4xx_adc.o
                0x0800338c                ADC_CommonStructInit
 .text.ADC_Cmd  0x080033c0       0x38 ..\obj\stm32f4xx_adc.o
                0x080033c0                ADC_Cmd
 .text.ADC_RegularChannelConfig
                0x080033f8      0x1bc ..\obj\stm32f4xx_adc.o
                0x080033f8                ADC_RegularChannelConfig
 .text.ADC_SoftwareStartConv
                0x080035b4       0x20 ..\obj\stm32f4xx_adc.o
                0x080035b4                ADC_SoftwareStartConv
 .text.ADC_GetConversionValue
                0x080035d4       0x1c ..\obj\stm32f4xx_adc.o
                0x080035d4                ADC_GetConversionValue
 .text.ADC_ITConfig
                0x080035f0       0x58 ..\obj\stm32f4xx_adc.o
                0x080035f0                ADC_ITConfig
 .text.ADC_GetITStatus
                0x08003648       0x6c ..\obj\stm32f4xx_adc.o
                0x08003648                ADC_GetITStatus
 .text.PrintChar
                0x080036b4       0x24 ..\obj\printf.o
                0x080036b4                PrintChar
 .text.PutChar  0x080036d8       0x24 ..\obj\printf.o
                0x080036d8                PutChar
 .text.PutString
                0x080036fc       0x48 ..\obj\printf.o
                0x080036fc                PutString
 .text.PutUnsignedInt
                0x08003744       0xbc ..\obj\printf.o
                0x08003744                PutUnsignedInt
 .text.PutSignedInt
                0x08003800      0x12c ..\obj\printf.o
                0x08003800                PutSignedInt
 .text.PutHexa  0x0800392c       0xe8 ..\obj\printf.o
                0x0800392c                PutHexa
 .text.vsnprintf
                0x08003a14      0x2a4 ..\obj\printf.o
                0x08003a14                vsnprintf
 .text.snprintf
                0x08003cb8       0x34 ..\obj\printf.o
                0x08003cb8                snprintf
 .text.vsprintf
                0x08003cec       0x28 ..\obj\printf.o
                0x08003cec                vsprintf
 .text.vfprintf
                0x08003d14       0x6c ..\obj\printf.o
                0x08003d14                vfprintf
 .text.vprintf  0x08003d80       0x2c ..\obj\printf.o
                0x08003d80                vprintf
 .text.printf   0x08003dac       0x2c ..\obj\printf.o
                0x08003dac                printf
 .text.sprintf  0x08003dd8       0x30 ..\obj\printf.o
                0x08003dd8                sprintf
 .text.fputc    0x08003e08       0x4c ..\obj\printf.o
                0x08003e08                fputc
 .text.fputs    0x08003e54       0x50 ..\obj\printf.o
                0x08003e54                fputs
 .text.PWM_initTimeBase
                0x08003ea4       0x88 ..\obj\drv_TimBase.o
                0x08003ea4                PWM_initTimeBase
 .text.PWM_initTimeBase_RccInit
                0x08003f2c      0x1a8 ..\obj\drv_TimBase.o
 .text.Console_main
                0x080040d4       0x60 ..\obj\util_Console.o
                0x080040d4                Console_main
 .text.Console_Init
                0x08004134       0x6c ..\obj\util_Console.o
                0x08004134                Console_Init
 .text.GPIO_Init
                0x080041a0      0x144 ..\obj\stm32f4xx_gpio.o
                0x080041a0                GPIO_Init
 .text.GPIO_ReadInputDataBit
                0x080042e4       0x3c ..\obj\stm32f4xx_gpio.o
                0x080042e4                GPIO_ReadInputDataBit
 .text.GPIO_ReadOutputDataBit
                0x08004320       0x3c ..\obj\stm32f4xx_gpio.o
                0x08004320                GPIO_ReadOutputDataBit
 .text.GPIO_PinAFConfig
                0x0800435c       0xa8 ..\obj\stm32f4xx_gpio.o
                0x0800435c                GPIO_PinAFConfig
 .text.SystemCoreClockUpdate
                0x08004404      0x170 ..\obj\system_stm32f4xx.o
                0x08004404                SystemCoreClockUpdate
 .text.NVIC_Init
                0x08004574       0xe4 ..\obj\misc.o
                0x08004574                NVIC_Init
 .text.GPIO_Get
                0x08004658       0xf4 ..\obj\drv_GPIO.o
                0x08004658                GPIO_Get
 .text.Pwm_Activer
                0x0800474c      0x204 ..\obj\drv_PWM.o
                0x0800474c                Pwm_Activer
 .text.Pwm_Desactiver
                0x08004950      0x1d4 ..\obj\drv_PWM.o
                0x08004950                Pwm_Desactiver
 .text.PWM_Init
                0x08004b24      0x6c8 ..\obj\drv_PWM.o
                0x08004b24                PWM_Init
 .text.PWM_Desinit
                0x080051ec      0x16c ..\obj\drv_PWM.o
                0x080051ec                PWM_Desinit
 .text.PWM_GetConfiguration
                0x08005358      0x170 ..\obj\drv_PWM.o
                0x08005358                PWM_GetConfiguration
 .text.TIM2_IRQHandler
                0x080054c8       0x20 ..\obj\drv_PWM.o
                0x080054c8                TIM2_IRQHandler
 .text.TIM3_IRQHandler
                0x080054e8        0xc ..\obj\drv_PWM.o
                0x080054e8                TIM3_IRQHandler
 .text.TIM4_IRQHandler
                0x080054f4        0xc ..\obj\drv_PWM.o
                0x080054f4                TIM4_IRQHandler
 .text.PWM_Save_GetTimPeriph
                0x08005500      0x140 ..\obj\drv_PWM.o
 .text.PWM_Save_GetTimChannel
                0x08005640       0x70 ..\obj\drv_PWM.o
 .text.PWM_initOutputCompare
                0x080056b0      0x1d8 ..\obj\drv_PWM.o
 .text.PWM_IT_init
                0x08005888       0xb4 ..\obj\drv_PWM.o
 .text.PWM_Value_toString
                0x0800593c      0x1ec ..\obj\drv_PWM.o
                0x0800593c                PWM_Value_toString
 .text.TIM_DeInit
                0x08005b28      0x238 ..\obj\stm32f4xx_tim.o
                0x08005b28                TIM_DeInit
 .text.TIM_TimeBaseInit
                0x08005d60       0xf4 ..\obj\stm32f4xx_tim.o
                0x08005d60                TIM_TimeBaseInit
 .text.TIM_TimeBaseStructInit
                0x08005e54       0x3c ..\obj\stm32f4xx_tim.o
                0x08005e54                TIM_TimeBaseStructInit
 .text.TIM_Cmd  0x08005e90       0x40 ..\obj\stm32f4xx_tim.o
                0x08005e90                TIM_Cmd
 .text.TIM_OC1Init
                0x08005ed0       0xfc ..\obj\stm32f4xx_tim.o
                0x08005ed0                TIM_OC1Init
 .text.TIM_OC2Init
                0x08005fcc      0x128 ..\obj\stm32f4xx_tim.o
                0x08005fcc                TIM_OC2Init
 .text.TIM_OC3Init
                0x080060f4      0x120 ..\obj\stm32f4xx_tim.o
                0x080060f4                TIM_OC3Init
 .text.TIM_OC4Init
                0x08006214       0xe0 ..\obj\stm32f4xx_tim.o
                0x08006214                TIM_OC4Init
 .text.TIM_OCStructInit
                0x080062f4       0x54 ..\obj\stm32f4xx_tim.o
                0x080062f4                TIM_OCStructInit
 .text.TIM_OC1PreloadConfig
                0x08006348       0x38 ..\obj\stm32f4xx_tim.o
                0x08006348                TIM_OC1PreloadConfig
 .text.TIM_OC2PreloadConfig
                0x08006380       0x40 ..\obj\stm32f4xx_tim.o
                0x08006380                TIM_OC2PreloadConfig
 .text.TIM_OC3PreloadConfig
                0x080063c0       0x38 ..\obj\stm32f4xx_tim.o
                0x080063c0                TIM_OC3PreloadConfig
 .text.TIM_OC4PreloadConfig
                0x080063f8       0x40 ..\obj\stm32f4xx_tim.o
                0x080063f8                TIM_OC4PreloadConfig
 .text.TIM_CCxCmd
                0x08006438       0x5c ..\obj\stm32f4xx_tim.o
                0x08006438                TIM_CCxCmd
 .text.TIM_CtrlPWMOutputs
                0x08006494       0x50 ..\obj\stm32f4xx_tim.o
                0x08006494                TIM_CtrlPWMOutputs
 .text.TIM_ITConfig
                0x080064e4       0x48 ..\obj\stm32f4xx_tim.o
                0x080064e4                TIM_ITConfig
 .text.memcpy   0x0800652c      0x144 c:/program files (x86)/gnu tools arm embedded/4.7 2013q2/bin/../lib/gcc/arm-none-eabi/4.7.4/../../../../arm-none-eabi/lib/armv7e-m\libg.a(lib_a-memcpy.o)
                0x0800652c                memcpy
 .text.memset   0x08006670      0x12c c:/program files (x86)/gnu tools arm embedded/4.7 2013q2/bin/../lib/gcc/arm-none-eabi/4.7.4/../../../../arm-none-eabi/lib/armv7e-m\libg.a(lib_a-memset.o)
                0x08006670                memset
 .text.strlen   0x0800679c       0x60 c:/program files (x86)/gnu tools arm embedded/4.7 2013q2/bin/../lib/gcc/arm-none-eabi/4.7.4/../../../../arm-none-eabi/lib/armv7e-m\libg.a(lib_a-strlen.o)
                0x0800679c                strlen
 .text.strncat  0x080067fc       0x88 c:/program files (x86)/gnu tools arm embedded/4.7 2013q2/bin/../lib/gcc/arm-none-eabi/4.7.4/../../../../arm-none-eabi/lib/armv7e-m\libg.a(lib_a-strncat.o)
                0x080067fc                strncat
 .text.strncmp  0x08006884      0x120 c:/program files (x86)/gnu tools arm embedded/4.7 2013q2/bin/../lib/gcc/arm-none-eabi/4.7.4/../../../../arm-none-eabi/lib/armv7e-m\libg.a(lib_a-strncmp.o)
                0x08006884                strncmp
 .text.strncpy  0x080069a4      0x110 c:/program files (x86)/gnu tools arm embedded/4.7 2013q2/bin/../lib/gcc/arm-none-eabi/4.7.4/../../../../arm-none-eabi/lib/armv7e-m\libg.a(lib_a-strncpy.o)
                0x080069a4                strncpy
 *(.glue_7t)
 .glue_7t       0x00000000        0x0 linker stubs
 *(.glue_7)
 .glue_7        0x00000000        0x0 linker stubs
 *(.rodata .rodata* .gnu.linkonce.r.*)
 .rodata        0x08006ab4      0x170 ..\obj\equ_ServoDirection.o
 .rodata        0x08006c24      0x12c ..\obj\bsp_BoutonPoussoir.o
 .rodata        0x08006d50      0x1bc ..\obj\app_AffDebug.o
 .rodata        0x08006f0c      0x118 ..\obj\equ_UltraSon.o
 .rodata        0x08007024       0xcc ..\obj\drv_USART.o
 .rodata        0x080070f0      0x128 ..\obj\bsp_carte.o
 .rodata        0x08007218       0xc4 ..\obj\drv_ADC.o
 .rodata        0x080072dc       0xe8 ..\obj\printf.o
 .rodata        0x080073c4       0xc4 ..\obj\drv_TimBase.o
 .rodata        0x08007488      0x150 ..\obj\util_Console.o
 .rodata        0x080075d8      0x134 ..\obj\drv_GPIO.o
 .rodata        0x0800770c      0x138 ..\obj\drv_PWM.o

.vfp11_veneer   0x08007844        0x0
 .vfp11_veneer  0x00000000        0x0 linker stubs

.v4_bx          0x08007844        0x0
 .v4_bx         0x00000000        0x0 linker stubs

.iplt           0x08007844        0x0
 .iplt          0x00000000        0x0 ..\obj\equ_ServoDirection.o

.rel.dyn        0x08007844        0x0
 .rel.iplt      0x00000000        0x0 ..\obj\equ_ServoDirection.o

.ARM.extab
 *(.ARM.extab* .gnu.linkonce.armextab.*)
                0x08007844                __exidx_start = .

.ARM.exidx
 *(.ARM.exidx* .gnu.linkonce.armexidx.*)
                0x08007844                __exidx_end = .
                0x08007844                . = ALIGN (0x4)
                0x08007844                _etext = .
                0x08007844                _sidata = .

.data           0x20000000      0x6f0 load address 0x08007844
                0x20000000                _sdata = .
 *(.data .data.*)
 .data          0x20000000        0x2 ..\obj\equ_ServoDirection.o
 *fill*         0x20000002        0x2 00
 .data          0x20000004        0x4 ..\obj\bsp_BoutonPoussoir.o
 .data          0x20000008      0x284 ..\obj\app_AffDebug.o
                0x20000008                DonneAffiche
 .data          0x2000028c        0xc ..\obj\equ_UltraSon.o
 .data          0x20000298       0x10 ..\obj\stm32f4xx_rcc.o
 .data          0x200002a8      0x430 ..\obj\printf.o
                0x200002a8                r
                0x200006d0                _impure_ptr
 .data          0x200006d8        0x4 ..\obj\util_Console.o
 .data          0x200006dc       0x14 ..\obj\system_stm32f4xx.o
                0x200006dc                SystemCoreClock
                0x200006e0                AHBPrescTable
                0x200006f0                . = ALIGN (0x4)
                0x200006f0                _edata = .

.igot.plt       0x200006f0        0x0 load address 0x08007f34
 .igot.plt      0x00000000        0x0 ..\obj\equ_ServoDirection.o

.bss            0x200006f0      0x654 load address 0x08007f34
                0x200006f0                _sbss = .
 *(.bss .bss.*)
 .bss           0x200006f0        0x1 ..\obj\equ_ServoDirection.o
 *fill*         0x200006f1        0x3 00
 .bss           0x200006f4        0x8 ..\obj\app_AffDebug.o
 .bss           0x200006fc        0x1 ..\obj\equ_UltraSon.o
 *fill*         0x200006fd        0x3 00
 .bss           0x20000700       0xb0 ..\obj\drv_USART.o
                0x20000700                __USART
 .bss           0x200007b0        0xc ..\obj\bsp_carte.o
 .bss           0x200007bc      0x378 ..\obj\drv_ADC.o
 .bss           0x20000b34       0x4c ..\obj\util_TSW.o
                0x20000b34                msTicks
 .bss           0x20000b80        0x1 ..\obj\util_Console.o
 *fill*         0x20000b81        0x3 00
 .bss           0x20000b84      0x1c0 ..\obj\drv_PWM.o
 *(COMMON)
                0x20000d44                . = ALIGN (0x4)
                0x20000d44                _ebss = .

.co_stack       0x20000d44      0x804 load address 0x08008588
                0x20000d48                . = ALIGN (0x8)
 *fill*         0x20000d44        0x4 00
 *(.co_stack .co_stack.*)
 .co_stack      0x20000d48      0x800 ..\obj\startup_stm32f4xx.o
                0x20000d48                pulStack
                0x20001548                . = ALIGN (0x4)
                0x20001548                _end = .
LOAD ..\obj\equ_ServoDirection.o
LOAD ..\obj\bsp_BoutonPoussoir.o
LOAD ..\obj\stm32f4xx_usart.o
LOAD ..\obj\stm32f4xx_pwr.o
LOAD ..\obj\app_AffDebug.o
LOAD ..\obj\startup_stm32f4xx.o
LOAD ..\obj\equ_UltraSon.o
LOAD ..\obj\main.o
LOAD ..\obj\stm32f4xx_rcc.o
LOAD ..\obj\drv_USART.o
LOAD ..\obj\bsp_carte.o
LOAD ..\obj\drv_ADC.o
LOAD ..\obj\util_TSW.o
LOAD ..\obj\stm32f4xx_adc.o
LOAD ..\obj\printf.o
LOAD ..\obj\drv_TimBase.o
LOAD ..\obj\util_Console.o
LOAD ..\obj\stm32f4xx_gpio.o
LOAD ..\obj\system_stm32f4xx.o
LOAD ..\obj\syscalls.o
LOAD ..\obj\app_GestionOuverture.o
LOAD ..\obj\misc.o
LOAD ..\obj\drv_GPIO.o
LOAD ..\obj\drv_PWM.o
LOAD ..\obj\stm32f4xx_tim.o
START GROUP
LOAD c:/program files (x86)/gnu tools arm embedded/4.7 2013q2/bin/../lib/gcc/arm-none-eabi/4.7.4/armv7e-m\libgcc.a
LOAD c:/program files (x86)/gnu tools arm embedded/4.7 2013q2/bin/../lib/gcc/arm-none-eabi/4.7.4/../../../../arm-none-eabi/lib/armv7e-m\libg.a
LOAD c:/program files (x86)/gnu tools arm embedded/4.7 2013q2/bin/../lib/gcc/arm-none-eabi/4.7.4/../../../../arm-none-eabi/lib/armv7e-m\libc.a
END GROUP
OUTPUT(OpenBox.elf elf32-littlearm)

.debug_info     0x00000000    0x109f5
 .debug_info    0x00000000      0x9ff ..\obj\equ_ServoDirection.o
 .debug_info    0x000009ff      0xa57 ..\obj\bsp_BoutonPoussoir.o
 .debug_info    0x00001456      0xa65 ..\obj\stm32f4xx_usart.o
 .debug_info    0x00001ebb      0xc4d ..\obj\app_AffDebug.o
 .debug_info    0x00002b08      0x103 ..\obj\startup_stm32f4xx.o
 .debug_info    0x00002c0b      0xaa4 ..\obj\equ_UltraSon.o
 .debug_info    0x000036af      0xf6e ..\obj\main.o
 .debug_info    0x0000461d      0xd49 ..\obj\stm32f4xx_rcc.o
 .debug_info    0x00005366      0xedf ..\obj\drv_USART.o
 .debug_info    0x00006245      0x9fe ..\obj\bsp_carte.o
 .debug_info    0x00006c43     0x1071 ..\obj\drv_ADC.o
 .debug_info    0x00007cb4      0xad6 ..\obj\util_TSW.o
 .debug_info    0x0000878a      0xd14 ..\obj\stm32f4xx_adc.o
 .debug_info    0x0000949e     0x16e4 ..\obj\printf.o
 .debug_info    0x0000ab82      0x8f3 ..\obj\drv_TimBase.o
 .debug_info    0x0000b475      0xa73 ..\obj\util_Console.o
 .debug_info    0x0000bee8      0x640 ..\obj\stm32f4xx_gpio.o
 .debug_info    0x0000c528      0x5f5 ..\obj\system_stm32f4xx.o
 .debug_info    0x0000cb1d      0x592 ..\obj\misc.o
 .debug_info    0x0000d0af      0x9bf ..\obj\drv_GPIO.o
 .debug_info    0x0000da6e     0x110a ..\obj\drv_PWM.o
 .debug_info    0x0000eb78     0x1e7d ..\obj\stm32f4xx_tim.o

.debug_abbrev   0x00000000     0x21cc
 .debug_abbrev  0x00000000      0x158 ..\obj\equ_ServoDirection.o
 .debug_abbrev  0x00000158      0x14b ..\obj\bsp_BoutonPoussoir.o
 .debug_abbrev  0x000002a3      0x157 ..\obj\stm32f4xx_usart.o
 .debug_abbrev  0x000003fa      0x1b2 ..\obj\app_AffDebug.o
 .debug_abbrev  0x000005ac       0xb2 ..\obj\startup_stm32f4xx.o
 .debug_abbrev  0x0000065e      0x15f ..\obj\equ_UltraSon.o
 .debug_abbrev  0x000007bd      0x18e ..\obj\main.o
 .debug_abbrev  0x0000094b      0x1e5 ..\obj\stm32f4xx_rcc.o
 .debug_abbrev  0x00000b30      0x1b9 ..\obj\drv_USART.o
 .debug_abbrev  0x00000ce9      0x158 ..\obj\bsp_carte.o
 .debug_abbrev  0x00000e41      0x237 ..\obj\drv_ADC.o
 .debug_abbrev  0x00001078      0x183 ..\obj\util_TSW.o
 .debug_abbrev  0x000011fb      0x198 ..\obj\stm32f4xx_adc.o
 .debug_abbrev  0x00001393      0x29f ..\obj\printf.o
 .debug_abbrev  0x00001632      0x13a ..\obj\drv_TimBase.o
 .debug_abbrev  0x0000176c      0x16c ..\obj\util_Console.o
 .debug_abbrev  0x000018d8      0x1a5 ..\obj\stm32f4xx_gpio.o
 .debug_abbrev  0x00001a7d      0x138 ..\obj\system_stm32f4xx.o
 .debug_abbrev  0x00001bb5      0x129 ..\obj\misc.o
 .debug_abbrev  0x00001cde      0x140 ..\obj\drv_GPIO.o
 .debug_abbrev  0x00001e1e      0x225 ..\obj\drv_PWM.o
 .debug_abbrev  0x00002043      0x189 ..\obj\stm32f4xx_tim.o

.debug_loc      0x00000000     0x46a4
 .debug_loc     0x00000000       0xc8 ..\obj\equ_ServoDirection.o
 .debug_loc     0x000000c8      0x150 ..\obj\bsp_BoutonPoussoir.o
 .debug_loc     0x00000218      0x658 ..\obj\stm32f4xx_usart.o
 .debug_loc     0x00000870      0x13c ..\obj\app_AffDebug.o
 .debug_loc     0x000009ac       0x64 ..\obj\startup_stm32f4xx.o
 .debug_loc     0x00000a10       0xc8 ..\obj\equ_UltraSon.o
 .debug_loc     0x00000ad8       0xa8 ..\obj\main.o
 .debug_loc     0x00000b80      0x97c ..\obj\stm32f4xx_rcc.o
 .debug_loc     0x000014fc      0x144 ..\obj\drv_USART.o
 .debug_loc     0x00001640      0x118 ..\obj\bsp_carte.o
 .debug_loc     0x00001758      0x2ce ..\obj\drv_ADC.o
 .debug_loc     0x00001a26      0x288 ..\obj\util_TSW.o
 .debug_loc     0x00001cae      0x838 ..\obj\stm32f4xx_adc.o
 .debug_loc     0x000024e6      0x3ea ..\obj\printf.o
 .debug_loc     0x000028d0       0x70 ..\obj\drv_TimBase.o
 .debug_loc     0x00002940      0x120 ..\obj\util_Console.o
 .debug_loc     0x00002a60      0x310 ..\obj\stm32f4xx_gpio.o
 .debug_loc     0x00002d70       0x9c ..\obj\system_stm32f4xx.o
 .debug_loc     0x00002e0c      0x118 ..\obj\misc.o
 .debug_loc     0x00002f24       0xa8 ..\obj\drv_GPIO.o
 .debug_loc     0x00002fcc      0x2b8 ..\obj\drv_PWM.o
 .debug_loc     0x00003284     0x1420 ..\obj\stm32f4xx_tim.o

.debug_aranges  0x00000000      0xc48
 .debug_aranges
                0x00000000       0x38 ..\obj\equ_ServoDirection.o
 .debug_aranges
                0x00000038       0x48 ..\obj\bsp_BoutonPoussoir.o
 .debug_aranges
                0x00000080      0x100 ..\obj\stm32f4xx_usart.o
 .debug_aranges
                0x00000180       0x48 ..\obj\app_AffDebug.o
 .debug_aranges
                0x000001c8       0x28 ..\obj\startup_stm32f4xx.o
 .debug_aranges
                0x000001f0       0x38 ..\obj\equ_UltraSon.o
 .debug_aranges
                0x00000228       0x30 ..\obj\main.o
 .debug_aranges
                0x00000258      0x178 ..\obj\stm32f4xx_rcc.o
 .debug_aranges
                0x000003d0       0x48 ..\obj\drv_USART.o
 .debug_aranges
                0x00000418       0x40 ..\obj\bsp_carte.o
 .debug_aranges
                0x00000458       0x80 ..\obj\drv_ADC.o
 .debug_aranges
                0x000004d8       0x78 ..\obj\util_TSW.o
 .debug_aranges
                0x00000550      0x148 ..\obj\stm32f4xx_adc.o
 .debug_aranges
                0x00000698       0xa0 ..\obj\printf.o
 .debug_aranges
                0x00000738       0x28 ..\obj\drv_TimBase.o
 .debug_aranges
                0x00000760       0x48 ..\obj\util_Console.o
 .debug_aranges
                0x000007a8       0x88 ..\obj\stm32f4xx_gpio.o
 .debug_aranges
                0x00000830       0x30 ..\obj\system_stm32f4xx.o
 .debug_aranges
                0x00000860       0x40 ..\obj\misc.o
 .debug_aranges
                0x000008a0       0x30 ..\obj\drv_GPIO.o
 .debug_aranges
                0x000008d0       0x80 ..\obj\drv_PWM.o
 .debug_aranges
                0x00000950      0x2f8 ..\obj\stm32f4xx_tim.o

.debug_ranges   0x00000000      0xae8
 .debug_ranges  0x00000000       0x28 ..\obj\equ_ServoDirection.o
 .debug_ranges  0x00000028       0x38 ..\obj\bsp_BoutonPoussoir.o
 .debug_ranges  0x00000060       0xf0 ..\obj\stm32f4xx_usart.o
 .debug_ranges  0x00000150       0x38 ..\obj\app_AffDebug.o
 .debug_ranges  0x00000188       0x18 ..\obj\startup_stm32f4xx.o
 .debug_ranges  0x000001a0       0x28 ..\obj\equ_UltraSon.o
 .debug_ranges  0x000001c8       0x20 ..\obj\main.o
 .debug_ranges  0x000001e8      0x168 ..\obj\stm32f4xx_rcc.o
 .debug_ranges  0x00000350       0x38 ..\obj\drv_USART.o
 .debug_ranges  0x00000388       0x30 ..\obj\bsp_carte.o
 .debug_ranges  0x000003b8       0x70 ..\obj\drv_ADC.o
 .debug_ranges  0x00000428       0x68 ..\obj\util_TSW.o
 .debug_ranges  0x00000490      0x138 ..\obj\stm32f4xx_adc.o
 .debug_ranges  0x000005c8       0x90 ..\obj\printf.o
 .debug_ranges  0x00000658       0x18 ..\obj\drv_TimBase.o
 .debug_ranges  0x00000670       0x38 ..\obj\util_Console.o
 .debug_ranges  0x000006a8       0x78 ..\obj\stm32f4xx_gpio.o
 .debug_ranges  0x00000720       0x20 ..\obj\system_stm32f4xx.o
 .debug_ranges  0x00000740       0x30 ..\obj\misc.o
 .debug_ranges  0x00000770       0x20 ..\obj\drv_GPIO.o
 .debug_ranges  0x00000790       0x70 ..\obj\drv_PWM.o
 .debug_ranges  0x00000800      0x2e8 ..\obj\stm32f4xx_tim.o

.debug_line     0x00000000     0x4d6f
 .debug_line    0x00000000      0x2ba ..\obj\equ_ServoDirection.o
 .debug_line    0x000002ba      0x2af ..\obj\bsp_BoutonPoussoir.o
 .debug_line    0x00000569      0x46f ..\obj\stm32f4xx_usart.o
 .debug_line    0x000009d8      0x351 ..\obj\app_AffDebug.o
 .debug_line    0x00000d29       0x9f ..\obj\startup_stm32f4xx.o
 .debug_line    0x00000dc8      0x2c0 ..\obj\equ_UltraSon.o
 .debug_line    0x00001088      0x2e9 ..\obj\main.o
 .debug_line    0x00001371      0x566 ..\obj\stm32f4xx_rcc.o
 .debug_line    0x000018d7      0x34c ..\obj\drv_USART.o
 .debug_line    0x00001c23      0x289 ..\obj\bsp_carte.o
 .debug_line    0x00001eac      0x430 ..\obj\drv_ADC.o
 .debug_line    0x000022dc      0x324 ..\obj\util_TSW.o
 .debug_line    0x00002600      0x51f ..\obj\stm32f4xx_adc.o
 .debug_line    0x00002b1f      0x501 ..\obj\printf.o
 .debug_line    0x00003020      0x227 ..\obj\drv_TimBase.o
 .debug_line    0x00003247      0x2c2 ..\obj\util_Console.o
 .debug_line    0x00003509      0x30a ..\obj\stm32f4xx_gpio.o
 .debug_line    0x00003813      0x1b8 ..\obj\system_stm32f4xx.o
 .debug_line    0x000039cb      0x210 ..\obj\misc.o
 .debug_line    0x00003bdb      0x2a5 ..\obj\drv_GPIO.o
 .debug_line    0x00003e80      0x4ab ..\obj\drv_PWM.o
 .debug_line    0x0000432b      0xa44 ..\obj\stm32f4xx_tim.o

.debug_str      0x00000000     0x46db
 .debug_str     0x00000000      0x7db ..\obj\equ_ServoDirection.o
                                0x838 (size before relaxing)
 .debug_str     0x000007db      0x174 ..\obj\bsp_BoutonPoussoir.o
                                0x78a (size before relaxing)
 .debug_str     0x0000094f      0x4a2 ..\obj\stm32f4xx_usart.o
                                0x630 (size before relaxing)
 .debug_str     0x00000df1      0x329 ..\obj\app_AffDebug.o
                                0x97b (size before relaxing)
 .debug_str     0x0000111a       0xae ..\obj\startup_stm32f4xx.o
                                0x112 (size before relaxing)
 .debug_str     0x000011c8      0x181 ..\obj\equ_UltraSon.o
                                0x85a (size before relaxing)
 .debug_str     0x00001349      0x611 ..\obj\main.o
                                0xdb7 (size before relaxing)
 .debug_str     0x0000195a      0x5e1 ..\obj\stm32f4xx_rcc.o
                                0x7f1 (size before relaxing)
 .debug_str     0x00001f3b      0x3d2 ..\obj\drv_USART.o
                                0xf04 (size before relaxing)
 .debug_str     0x0000230d      0x15f ..\obj\bsp_carte.o
                                0x6b7 (size before relaxing)
 .debug_str     0x0000246c      0x398 ..\obj\drv_ADC.o
                                0xf1b (size before relaxing)
 .debug_str     0x00002804      0x123 ..\obj\util_TSW.o
                                0x72e (size before relaxing)
 .debug_str     0x00002927      0x4cb ..\obj\stm32f4xx_adc.o
                                0x7a5 (size before relaxing)
 .debug_str     0x00002df2      0x4b8 ..\obj\printf.o
                                0xa41 (size before relaxing)
 .debug_str     0x000032aa       0xf3 ..\obj\drv_TimBase.o
                                0x641 (size before relaxing)
 .debug_str     0x0000339d      0x146 ..\obj\util_Console.o
                                0x86a (size before relaxing)
 .debug_str     0x000034e3      0x1a1 ..\obj\stm32f4xx_gpio.o
                                0x444 (size before relaxing)
 .debug_str     0x00003684       0xb2 ..\obj\system_stm32f4xx.o
                                0x34b (size before relaxing)
 .debug_str     0x00003736      0x10a ..\obj\misc.o
                                0x37a (size before relaxing)
 .debug_str     0x00003840       0x6f ..\obj\drv_GPIO.o
                                0x6c4 (size before relaxing)
 .debug_str     0x000038af      0x447 ..\obj\drv_PWM.o
                               0x1076 (size before relaxing)
 .debug_str     0x00003cf6      0x9e5 ..\obj\stm32f4xx_tim.o
                                0xd71 (size before relaxing)

.comment        0x00000000       0x70
 .comment       0x00000000       0x70 ..\obj\equ_ServoDirection.o
                                 0x71 (size before relaxing)
 .comment       0x00000000       0x71 ..\obj\bsp_BoutonPoussoir.o
 .comment       0x00000000       0x71 ..\obj\stm32f4xx_usart.o
 .comment       0x00000000       0x71 ..\obj\app_AffDebug.o
 .comment       0x00000000       0x71 ..\obj\startup_stm32f4xx.o
 .comment       0x00000000       0x71 ..\obj\equ_UltraSon.o
 .comment       0x00000000       0x71 ..\obj\main.o
 .comment       0x00000000       0x71 ..\obj\stm32f4xx_rcc.o
 .comment       0x00000000       0x71 ..\obj\drv_USART.o
 .comment       0x00000000       0x71 ..\obj\bsp_carte.o
 .comment       0x00000000       0x71 ..\obj\drv_ADC.o
 .comment       0x00000000       0x71 ..\obj\util_TSW.o
 .comment       0x00000000       0x71 ..\obj\stm32f4xx_adc.o
 .comment       0x00000000       0x71 ..\obj\printf.o
 .comment       0x00000000       0x71 ..\obj\drv_TimBase.o
 .comment       0x00000000       0x71 ..\obj\util_Console.o
 .comment       0x00000000       0x71 ..\obj\stm32f4xx_gpio.o
 .comment       0x00000000       0x71 ..\obj\system_stm32f4xx.o
 .comment       0x00000000       0x71 ..\obj\misc.o
 .comment       0x00000000       0x71 ..\obj\drv_GPIO.o
 .comment       0x00000000       0x71 ..\obj\drv_PWM.o
 .comment       0x00000000       0x71 ..\obj\stm32f4xx_tim.o

.ARM.attributes
                0x00000000       0x33
 .ARM.attributes
                0x00000000       0x33 ..\obj\equ_ServoDirection.o
 .ARM.attributes
                0x00000033       0x33 ..\obj\bsp_BoutonPoussoir.o
 .ARM.attributes
                0x00000066       0x33 ..\obj\stm32f4xx_usart.o
 .ARM.attributes
                0x00000099       0x33 ..\obj\app_AffDebug.o
 .ARM.attributes
                0x000000cc       0x33 ..\obj\startup_stm32f4xx.o
 .ARM.attributes
                0x000000ff       0x33 ..\obj\equ_UltraSon.o
 .ARM.attributes
                0x00000132       0x33 ..\obj\main.o
 .ARM.attributes
                0x00000165       0x33 ..\obj\stm32f4xx_rcc.o
 .ARM.attributes
                0x00000198       0x33 ..\obj\drv_USART.o
 .ARM.attributes
                0x000001cb       0x33 ..\obj\bsp_carte.o
 .ARM.attributes
                0x000001fe       0x33 ..\obj\drv_ADC.o
 .ARM.attributes
                0x00000231       0x33 ..\obj\util_TSW.o
 .ARM.attributes
                0x00000264       0x33 ..\obj\stm32f4xx_adc.o
 .ARM.attributes
                0x00000297       0x33 ..\obj\printf.o
 .ARM.attributes
                0x000002ca       0x33 ..\obj\drv_TimBase.o
 .ARM.attributes
                0x000002fd       0x33 ..\obj\util_Console.o
 .ARM.attributes
                0x00000330       0x33 ..\obj\stm32f4xx_gpio.o
 .ARM.attributes
                0x00000363       0x33 ..\obj\system_stm32f4xx.o
 .ARM.attributes
                0x00000396       0x33 ..\obj\misc.o
 .ARM.attributes
                0x000003c9       0x33 ..\obj\drv_GPIO.o
 .ARM.attributes
                0x000003fc       0x33 ..\obj\drv_PWM.o
 .ARM.attributes
                0x0000042f       0x33 ..\obj\stm32f4xx_tim.o
 .ARM.attributes
                0x00000462       0x2e c:/program files (x86)/gnu tools arm embedded/4.7 2013q2/bin/../lib/gcc/arm-none-eabi/4.7.4/../../../../arm-none-eabi/lib/armv7e-m\libg.a(lib_a-memcpy.o)
 .ARM.attributes
                0x00000490       0x2e c:/program files (x86)/gnu tools arm embedded/4.7 2013q2/bin/../lib/gcc/arm-none-eabi/4.7.4/../../../../arm-none-eabi/lib/armv7e-m\libg.a(lib_a-memset.o)
 .ARM.attributes
                0x000004be       0x2e c:/program files (x86)/gnu tools arm embedded/4.7 2013q2/bin/../lib/gcc/arm-none-eabi/4.7.4/../../../../arm-none-eabi/lib/armv7e-m\libg.a(lib_a-strlen.o)
 .ARM.attributes
                0x000004ec       0x2e c:/program files (x86)/gnu tools arm embedded/4.7 2013q2/bin/../lib/gcc/arm-none-eabi/4.7.4/../../../../arm-none-eabi/lib/armv7e-m\libg.a(lib_a-strncat.o)
 .ARM.attributes
                0x0000051a       0x2e c:/program files (x86)/gnu tools arm embedded/4.7 2013q2/bin/../lib/gcc/arm-none-eabi/4.7.4/../../../../arm-none-eabi/lib/armv7e-m\libg.a(lib_a-strncmp.o)
 .ARM.attributes
                0x00000548       0x2e c:/program files (x86)/gnu tools arm embedded/4.7 2013q2/bin/../lib/gcc/arm-none-eabi/4.7.4/../../../../arm-none-eabi/lib/armv7e-m\libg.a(lib_a-strncpy.o)

.debug_frame    0x00000000     0x2734
 .debug_frame   0x00000000       0x84 ..\obj\equ_ServoDirection.o
 .debug_frame   0x00000084       0xc0 ..\obj\bsp_BoutonPoussoir.o
 .debug_frame   0x00000144      0x344 ..\obj\stm32f4xx_usart.o
 .debug_frame   0x00000488       0xc8 ..\obj\app_AffDebug.o
 .debug_frame   0x00000550       0x48 ..\obj\startup_stm32f4xx.o
 .debug_frame   0x00000598       0x88 ..\obj\equ_UltraSon.o
 .debug_frame   0x00000620       0x6c ..\obj\main.o
 .debug_frame   0x0000068c      0x4d8 ..\obj\stm32f4xx_rcc.o
 .debug_frame   0x00000b64       0xc4 ..\obj\drv_USART.o
 .debug_frame   0x00000c28       0xa8 ..\obj\bsp_carte.o
 .debug_frame   0x00000cd0      0x1a8 ..\obj\drv_ADC.o
 .debug_frame   0x00000e78      0x158 ..\obj\util_TSW.o
 .debug_frame   0x00000fd0      0x434 ..\obj\stm32f4xx_adc.o
 .debug_frame   0x00001404      0x248 ..\obj\printf.o
 .debug_frame   0x0000164c       0x50 ..\obj\drv_TimBase.o
 .debug_frame   0x0000169c       0xbc ..\obj\util_Console.o
 .debug_frame   0x00001758      0x19c ..\obj\stm32f4xx_gpio.o
 .debug_frame   0x000018f4       0x64 ..\obj\system_stm32f4xx.o
 .debug_frame   0x00001958       0x9c ..\obj\misc.o
 .debug_frame   0x000019f4       0x70 ..\obj\drv_GPIO.o
 .debug_frame   0x00001a64      0x194 ..\obj\drv_PWM.o
 .debug_frame   0x00001bf8      0xa3c ..\obj\stm32f4xx_tim.o
 .debug_frame   0x00002634       0x30 c:/program files (x86)/gnu tools arm embedded/4.7 2013q2/bin/../lib/gcc/arm-none-eabi/4.7.4/../../../../arm-none-eabi/lib/armv7e-m\libg.a(lib_a-memcpy.o)
 .debug_frame   0x00002664       0x2c c:/program files (x86)/gnu tools arm embedded/4.7 2013q2/bin/../lib/gcc/arm-none-eabi/4.7.4/../../../../arm-none-eabi/lib/armv7e-m\libg.a(lib_a-memset.o)
 .debug_frame   0x00002690       0x20 c:/program files (x86)/gnu tools arm embedded/4.7 2013q2/bin/../lib/gcc/arm-none-eabi/4.7.4/../../../../arm-none-eabi/lib/armv7e-m\libg.a(lib_a-strlen.o)
 .debug_frame   0x000026b0       0x2c c:/program files (x86)/gnu tools arm embedded/4.7 2013q2/bin/../lib/gcc/arm-none-eabi/4.7.4/../../../../arm-none-eabi/lib/armv7e-m\libg.a(lib_a-strncat.o)
 .debug_frame   0x000026dc       0x2c c:/program files (x86)/gnu tools arm embedded/4.7 2013q2/bin/../lib/gcc/arm-none-eabi/4.7.4/../../../../arm-none-eabi/lib/armv7e-m\libg.a(lib_a-strncmp.o)
 .debug_frame   0x00002708       0x2c c:/program files (x86)/gnu tools arm embedded/4.7 2013q2/bin/../lib/gcc/arm-none-eabi/4.7.4/../../../../arm-none-eabi/lib/armv7e-m\libg.a(lib_a-strncpy.o)
