Archive member included because of file (symbol)

c:/program files (x86)/gnu tools arm embedded/4.7 2013q2/bin/../lib/gcc/arm-none-eabi/4.7.4/../../../../arm-none-eabi/lib/armv7e-m\libg.a(lib_a-memcpy.o)
                              ..\obj\app_AffDebug.o (memcpy)
c:/program files (x86)/gnu tools arm embedded/4.7 2013q2/bin/../lib/gcc/arm-none-eabi/4.7.4/../../../../arm-none-eabi/lib/armv7e-m\libg.a(lib_a-memset.o)
                              ..\obj\app_AffDebug.o (memset)
c:/program files (x86)/gnu tools arm embedded/4.7 2013q2/bin/../lib/gcc/arm-none-eabi/4.7.4/../../../../arm-none-eabi/lib/armv7e-m\libg.a(lib_a-strlen.o)
                              ..\obj\equ_ServoDirection.o (strlen)
c:/program files (x86)/gnu tools arm embedded/4.7 2013q2/bin/../lib/gcc/arm-none-eabi/4.7.4/../../../../arm-none-eabi/lib/armv7e-m\libg.a(lib_a-strncat.o)
                              ..\obj\equ_ServoDirection.o (strncat)
c:/program files (x86)/gnu tools arm embedded/4.7 2013q2/bin/../lib/gcc/arm-none-eabi/4.7.4/../../../../arm-none-eabi/lib/armv7e-m\libg.a(lib_a-strncmp.o)
                              ..\obj\app_AffDebug.o (strncmp)
c:/program files (x86)/gnu tools arm embedded/4.7 2013q2/bin/../lib/gcc/arm-none-eabi/4.7.4/../../../../arm-none-eabi/lib/armv7e-m\libg.a(lib_a-strncpy.o)
                              ..\obj\app_AffDebug.o (strncpy)

Allocating common symbols
Common symbol       size              file

CaptureValue        0x4               ..\obj\drv_InputCapture.o

Discarded input sections

 .text          0x00000000        0x0 ..\obj\equ_ServoDirection.o
 .text.MicroServo_GetPosition
                0x00000000       0x18 ..\obj\equ_ServoDirection.o
 .text          0x00000000        0x0 ..\obj\bsp_BoutonPoussoir.o
 .bss           0x00000000        0x0 ..\obj\bsp_BoutonPoussoir.o
 .text.BtnPssr_init
                0x00000000       0x38 ..\obj\bsp_BoutonPoussoir.o
 .text.BtnPssr_Is_Unleashed
                0x00000000       0x1c ..\obj\bsp_BoutonPoussoir.o
 .text.BtnPssr_ReadIDPin
                0x00000000       0x34 ..\obj\bsp_BoutonPoussoir.o
 .text          0x00000000        0x0 ..\obj\stm32f4xx_usart.o
 .data          0x00000000        0x0 ..\obj\stm32f4xx_usart.o
 .bss           0x00000000        0x0 ..\obj\stm32f4xx_usart.o
 .text.USART_DeInit
                0x00000000      0x100 ..\obj\stm32f4xx_usart.o
 .text.USART_StructInit
                0x00000000       0x44 ..\obj\stm32f4xx_usart.o
 .text.USART_ClockStructInit
                0x00000000       0x34 ..\obj\stm32f4xx_usart.o
 .text.USART_SetPrescaler
                0x00000000       0x38 ..\obj\stm32f4xx_usart.o
 .text.USART_OverSampling8Cmd
                0x00000000       0x48 ..\obj\stm32f4xx_usart.o
 .text.USART_OneBitMethodCmd
                0x00000000       0x40 ..\obj\stm32f4xx_usart.o
 .text.USART_SetAddress
                0x00000000       0x38 ..\obj\stm32f4xx_usart.o
 .text.USART_ReceiverWakeUpCmd
                0x00000000       0x40 ..\obj\stm32f4xx_usart.o
 .text.USART_WakeUpConfig
                0x00000000       0x38 ..\obj\stm32f4xx_usart.o
 .text.USART_LINBreakDetectLengthConfig
                0x00000000       0x38 ..\obj\stm32f4xx_usart.o
 .text.USART_LINCmd
                0x00000000       0x40 ..\obj\stm32f4xx_usart.o
 .text.USART_SendBreak
                0x00000000       0x24 ..\obj\stm32f4xx_usart.o
 .text.USART_HalfDuplexCmd
                0x00000000       0x40 ..\obj\stm32f4xx_usart.o
 .text.USART_SetGuardTime
                0x00000000       0x3c ..\obj\stm32f4xx_usart.o
 .text.USART_SmartCardCmd
                0x00000000       0x40 ..\obj\stm32f4xx_usart.o
 .text.USART_SmartCardNACKCmd
                0x00000000       0x40 ..\obj\stm32f4xx_usart.o
 .text.USART_IrDAConfig
                0x00000000       0x38 ..\obj\stm32f4xx_usart.o
 .text.USART_IrDACmd
                0x00000000       0x40 ..\obj\stm32f4xx_usart.o
 .text.USART_DMACmd
                0x00000000       0x48 ..\obj\stm32f4xx_usart.o
 .text.USART_ITConfig
                0x00000000       0xa4 ..\obj\stm32f4xx_usart.o
 .text.USART_ClearFlag
                0x00000000       0x24 ..\obj\stm32f4xx_usart.o
 .text.USART_GetITStatus
                0x00000000       0xc4 ..\obj\stm32f4xx_usart.o
 .text.USART_ClearITPendingBit
                0x00000000       0x44 ..\obj\stm32f4xx_usart.o
 .text          0x00000000        0x0 ..\obj\stm32f4xx_pwr.o
 .data          0x00000000        0x0 ..\obj\stm32f4xx_pwr.o
 .bss           0x00000000        0x0 ..\obj\stm32f4xx_pwr.o
 .text.PWR_DeInit
                0x00000000       0x20 ..\obj\stm32f4xx_pwr.o
 .text.PWR_BackupAccessCmd
                0x00000000       0x20 ..\obj\stm32f4xx_pwr.o
 .text.PWR_PVDLevelConfig
                0x00000000       0x40 ..\obj\stm32f4xx_pwr.o
 .text.PWR_PVDCmd
                0x00000000       0x20 ..\obj\stm32f4xx_pwr.o
 .text.PWR_WakeUpPinCmd
                0x00000000       0x20 ..\obj\stm32f4xx_pwr.o
 .text.PWR_BackupRegulatorCmd
                0x00000000       0x20 ..\obj\stm32f4xx_pwr.o
 .text.PWR_MainRegulatorModeConfig
                0x00000000       0x4c ..\obj\stm32f4xx_pwr.o
 .text.PWR_FlashPowerDownCmd
                0x00000000       0x20 ..\obj\stm32f4xx_pwr.o
 .text.PWR_EnterSTOPMode
                0x00000000       0x80 ..\obj\stm32f4xx_pwr.o
 .text.PWR_EnterSTANDBYMode
                0x00000000       0x54 ..\obj\stm32f4xx_pwr.o
 .text.PWR_GetFlagStatus
                0x00000000       0x3c ..\obj\stm32f4xx_pwr.o
 .text.PWR_ClearFlag
                0x00000000       0x30 ..\obj\stm32f4xx_pwr.o
 .debug_info    0x00000000      0x543 ..\obj\stm32f4xx_pwr.o
 .debug_abbrev  0x00000000      0x181 ..\obj\stm32f4xx_pwr.o
 .debug_loc     0x00000000      0x288 ..\obj\stm32f4xx_pwr.o
 .debug_aranges
                0x00000000       0x78 ..\obj\stm32f4xx_pwr.o
 .debug_ranges  0x00000000       0x68 ..\obj\stm32f4xx_pwr.o
 .debug_line    0x00000000      0x282 ..\obj\stm32f4xx_pwr.o
 .debug_str     0x00000000      0x332 ..\obj\stm32f4xx_pwr.o
 .comment       0x00000000       0x71 ..\obj\stm32f4xx_pwr.o
 .ARM.attributes
                0x00000000       0x33 ..\obj\stm32f4xx_pwr.o
 .debug_frame   0x00000000      0x15c ..\obj\stm32f4xx_pwr.o
 .text          0x00000000        0x0 ..\obj\app_AffDebug.o
 .text          0x00000000        0x0 ..\obj\startup_stm32f4xx.o
 .data          0x00000000        0x0 ..\obj\startup_stm32f4xx.o
 .bss           0x00000000        0x0 ..\obj\startup_stm32f4xx.o
 .text          0x00000000        0x0 ..\obj\equ_UltraSon.o
 .text          0x00000000        0x0 ..\obj\drv_InputCapture.o
 .data          0x00000000        0x0 ..\obj\drv_InputCapture.o
 .text.InputCapture_Desactiver
                0x00000000       0x14 ..\obj\drv_InputCapture.o
 .text          0x00000000        0x0 ..\obj\main.o
 .data          0x00000000        0x0 ..\obj\main.o
 .bss           0x00000000        0x0 ..\obj\main.o
 .rodata        0x00000000      0x118 ..\obj\main.o
 .text          0x00000000        0x0 ..\obj\stm32f4xx_rcc.o
 .bss           0x00000000        0x0 ..\obj\stm32f4xx_rcc.o
 .text.RCC_DeInit
                0x00000000       0x84 ..\obj\stm32f4xx_rcc.o
 .text.RCC_HSEConfig
                0x00000000       0x30 ..\obj\stm32f4xx_rcc.o
 .text.RCC_WaitForHSEStartUp
                0x00000000       0x64 ..\obj\stm32f4xx_rcc.o
 .text.RCC_AdjustHSICalibrationValue
                0x00000000       0x48 ..\obj\stm32f4xx_rcc.o
 .text.RCC_HSICmd
                0x00000000       0x20 ..\obj\stm32f4xx_rcc.o
 .text.RCC_LSEConfig
                0x00000000       0x60 ..\obj\stm32f4xx_rcc.o
 .text.RCC_LSICmd
                0x00000000       0x20 ..\obj\stm32f4xx_rcc.o
 .text.RCC_PLLConfig
                0x00000000       0x48 ..\obj\stm32f4xx_rcc.o
 .text.RCC_PLLCmd
                0x00000000       0x20 ..\obj\stm32f4xx_rcc.o
 .text.RCC_PLLI2SConfig
                0x00000000       0x30 ..\obj\stm32f4xx_rcc.o
 .text.RCC_PLLI2SCmd
                0x00000000       0x20 ..\obj\stm32f4xx_rcc.o
 .text.RCC_ClockSecuritySystemCmd
                0x00000000       0x20 ..\obj\stm32f4xx_rcc.o
 .text.RCC_MCO1Config
                0x00000000       0x48 ..\obj\stm32f4xx_rcc.o
 .text.RCC_MCO2Config
                0x00000000       0x48 ..\obj\stm32f4xx_rcc.o
 .text.RCC_SYSCLKConfig
                0x00000000       0x40 ..\obj\stm32f4xx_rcc.o
 .text.RCC_GetSYSCLKSource
                0x00000000       0x20 ..\obj\stm32f4xx_rcc.o
 .text.RCC_HCLKConfig
                0x00000000       0x40 ..\obj\stm32f4xx_rcc.o
 .text.RCC_PCLK1Config
                0x00000000       0x40 ..\obj\stm32f4xx_rcc.o
 .text.RCC_PCLK2Config
                0x00000000       0x44 ..\obj\stm32f4xx_rcc.o
 .text.RCC_RTCCLKConfig
                0x00000000       0x74 ..\obj\stm32f4xx_rcc.o
 .text.RCC_RTCCLKCmd
                0x00000000       0x20 ..\obj\stm32f4xx_rcc.o
 .text.RCC_BackupResetCmd
                0x00000000       0x20 ..\obj\stm32f4xx_rcc.o
 .text.RCC_I2SCLKConfig
                0x00000000       0x20 ..\obj\stm32f4xx_rcc.o
 .text.RCC_AHB2PeriphClockCmd
                0x00000000       0x54 ..\obj\stm32f4xx_rcc.o
 .text.RCC_AHB3PeriphClockCmd
                0x00000000       0x54 ..\obj\stm32f4xx_rcc.o
 .text.RCC_AHB1PeriphResetCmd
                0x00000000       0x54 ..\obj\stm32f4xx_rcc.o
 .text.RCC_AHB2PeriphResetCmd
                0x00000000       0x54 ..\obj\stm32f4xx_rcc.o
 .text.RCC_AHB3PeriphResetCmd
                0x00000000       0x54 ..\obj\stm32f4xx_rcc.o
 .text.RCC_AHB1PeriphClockLPModeCmd
                0x00000000       0x54 ..\obj\stm32f4xx_rcc.o
 .text.RCC_AHB2PeriphClockLPModeCmd
                0x00000000       0x54 ..\obj\stm32f4xx_rcc.o
 .text.RCC_AHB3PeriphClockLPModeCmd
                0x00000000       0x54 ..\obj\stm32f4xx_rcc.o
 .text.RCC_APB1PeriphClockLPModeCmd
                0x00000000       0x54 ..\obj\stm32f4xx_rcc.o
 .text.RCC_APB2PeriphClockLPModeCmd
                0x00000000       0x54 ..\obj\stm32f4xx_rcc.o
 .text.RCC_ITConfig
                0x00000000       0x60 ..\obj\stm32f4xx_rcc.o
 .text.RCC_GetFlagStatus
                0x00000000       0x90 ..\obj\stm32f4xx_rcc.o
 .text.RCC_ClearFlag
                0x00000000       0x24 ..\obj\stm32f4xx_rcc.o
 .text.RCC_GetITStatus
                0x00000000       0x40 ..\obj\stm32f4xx_rcc.o
 .text.RCC_ClearITPendingBit
                0x00000000       0x20 ..\obj\stm32f4xx_rcc.o
 .text          0x00000000        0x0 ..\obj\drv_USART.o
 .data          0x00000000        0x0 ..\obj\drv_USART.o
 .text.USART_SetInterruptState
                0x00000000       0xa4 ..\obj\drv_USART.o
 .text          0x00000000        0x0 ..\obj\bsp_carte.o
 .data          0x00000000        0x0 ..\obj\bsp_carte.o
 .text          0x00000000        0x0 ..\obj\util_TSW.o
 .data          0x00000000        0x0 ..\obj\util_TSW.o
 .rodata        0x00000000       0xc4 ..\obj\util_TSW.o
 .text.TSW_Stop
                0x00000000       0x88 ..\obj\util_TSW.o
 .text.TSW_GetEtat
                0x00000000       0x3c ..\obj\util_TSW.o
 .text.TSW_IsFinished
                0x00000000       0x4c ..\obj\util_TSW.o
 .text.TSW_GetRemainingTime
                0x00000000       0x70 ..\obj\util_TSW.o
 .text          0x00000000        0x0 ..\obj\printf.o
 .bss           0x00000000        0x0 ..\obj\printf.o
 .text.fprintf  0x00000000       0x30 ..\obj\printf.o
 .text.puts     0x00000000       0x28 ..\obj\printf.o
 .text          0x00000000        0x0 ..\obj\drv_TimBase.o
 .data          0x00000000        0x0 ..\obj\drv_TimBase.o
 .bss           0x00000000        0x0 ..\obj\drv_TimBase.o
 .text          0x00000000        0x0 ..\obj\util_Console.o
 .text.Console_GetPresence
                0x00000000       0x18 ..\obj\util_Console.o
 .text.Console_PingTerminal
                0x00000000       0x24 ..\obj\util_Console.o
 .text.Console_GetResp
                0x00000000       0x90 ..\obj\util_Console.o
 .text.Console_AttenteNvPing
                0x00000000       0x20 ..\obj\util_Console.o
 .text          0x00000000        0x0 ..\obj\stm32f4xx_gpio.o
 .data          0x00000000        0x0 ..\obj\stm32f4xx_gpio.o
 .bss           0x00000000        0x0 ..\obj\stm32f4xx_gpio.o
 .text.GPIO_DeInit
                0x00000000      0x178 ..\obj\stm32f4xx_gpio.o
 .text.GPIO_StructInit
                0x00000000       0x3c ..\obj\stm32f4xx_gpio.o
 .text.GPIO_PinLockConfig
                0x00000000       0x44 ..\obj\stm32f4xx_gpio.o
 .text.GPIO_ReadInputData
                0x00000000       0x1c ..\obj\stm32f4xx_gpio.o
 .text.GPIO_ReadOutputData
                0x00000000       0x1c ..\obj\stm32f4xx_gpio.o
 .text.GPIO_SetBits
                0x00000000       0x1c ..\obj\stm32f4xx_gpio.o
 .text.GPIO_ResetBits
                0x00000000       0x1c ..\obj\stm32f4xx_gpio.o
 .text.GPIO_WriteBit
                0x00000000       0x30 ..\obj\stm32f4xx_gpio.o
 .text.GPIO_Write
                0x00000000       0x1c ..\obj\stm32f4xx_gpio.o
 .text.GPIO_ToggleBits
                0x00000000       0x24 ..\obj\stm32f4xx_gpio.o
 .text          0x00000000        0x0 ..\obj\system_stm32f4xx.o
 .bss           0x00000000        0x0 ..\obj\system_stm32f4xx.o
 .text.SystemInit
                0x00000000       0x94 ..\obj\system_stm32f4xx.o
 .text.SetSysClock
                0x00000000      0x188 ..\obj\system_stm32f4xx.o
 .text          0x00000000        0x0 ..\obj\syscalls.o
 .data          0x00000000        0x0 ..\obj\syscalls.o
 .bss           0x00000000        0x4 ..\obj\syscalls.o
 .text._sbrk    0x00000000       0x5c ..\obj\syscalls.o
 .text.link     0x00000000       0x1c ..\obj\syscalls.o
 .text._close   0x00000000       0x18 ..\obj\syscalls.o
 .text._fstat   0x00000000       0x24 ..\obj\syscalls.o
 .text._isatty  0x00000000       0x18 ..\obj\syscalls.o
 .text._lseek   0x00000000       0x1c ..\obj\syscalls.o
 .text._read    0x00000000       0x1c ..\obj\syscalls.o
 .text._write   0x00000000       0x1c ..\obj\syscalls.o
 .text.abort    0x00000000        0x8 ..\obj\syscalls.o
 .debug_info    0x00000000      0x443 ..\obj\syscalls.o
 .debug_abbrev  0x00000000       0xe4 ..\obj\syscalls.o
 .debug_loc     0x00000000      0x1ec ..\obj\syscalls.o
 .debug_aranges
                0x00000000       0x60 ..\obj\syscalls.o
 .debug_ranges  0x00000000       0x50 ..\obj\syscalls.o
 .debug_line    0x00000000      0x1a1 ..\obj\syscalls.o
 .debug_str     0x00000000      0x298 ..\obj\syscalls.o
 .comment       0x00000000       0x71 ..\obj\syscalls.o
 .ARM.attributes
                0x00000000       0x33 ..\obj\syscalls.o
 .debug_frame   0x00000000      0x108 ..\obj\syscalls.o
 .text          0x00000000        0x0 ..\obj\app_GestionOuverture.o
 .data          0x00000000        0x0 ..\obj\app_GestionOuverture.o
 .rodata        0x00000000      0x118 ..\obj\app_GestionOuverture.o
 .text          0x00000000        0x0 ..\obj\misc.o
 .data          0x00000000        0x0 ..\obj\misc.o
 .bss           0x00000000        0x0 ..\obj\misc.o
 .text.NVIC_PriorityGroupConfig
                0x00000000       0x28 ..\obj\misc.o
 .text.NVIC_SetVectorTable
                0x00000000       0x2c ..\obj\misc.o
 .text.NVIC_SystemLPConfig
                0x00000000       0x54 ..\obj\misc.o
 .text.SysTick_CLKSourceConfig
                0x00000000       0x4c ..\obj\misc.o
 .text          0x00000000        0x0 ..\obj\drv_GPIO.o
 .data          0x00000000        0x0 ..\obj\drv_GPIO.o
 .bss           0x00000000        0x0 ..\obj\drv_GPIO.o
 .text.GPIO_Set
                0x00000000      0x100 ..\obj\drv_GPIO.o
 .text.GPIO_Value_toString
                0x00000000      0x138 ..\obj\drv_GPIO.o
 .text          0x00000000        0x0 ..\obj\drv_PWM.o
 .data          0x00000000        0x0 ..\obj\drv_PWM.o
 .text          0x00000000        0x0 ..\obj\stm32f4xx_tim.o
 .data          0x00000000        0x0 ..\obj\stm32f4xx_tim.o
 .bss           0x00000000        0x0 ..\obj\stm32f4xx_tim.o
 .text.TIM_PrescalerConfig
                0x00000000       0x28 ..\obj\stm32f4xx_tim.o
 .text.TIM_CounterModeConfig
                0x00000000       0x38 ..\obj\stm32f4xx_tim.o
 .text.TIM_SetCounter
                0x00000000       0x1c ..\obj\stm32f4xx_tim.o
 .text.TIM_SetAutoreload
                0x00000000       0x1c ..\obj\stm32f4xx_tim.o
 .text.TIM_GetCounter
                0x00000000       0x18 ..\obj\stm32f4xx_tim.o
 .text.TIM_GetPrescaler
                0x00000000       0x1c ..\obj\stm32f4xx_tim.o
 .text.TIM_UpdateDisableConfig
                0x00000000       0x40 ..\obj\stm32f4xx_tim.o
 .text.TIM_UpdateRequestConfig
                0x00000000       0x40 ..\obj\stm32f4xx_tim.o
 .text.TIM_ARRPreloadConfig
                0x00000000       0x40 ..\obj\stm32f4xx_tim.o
 .text.TIM_SelectOnePulseMode
                0x00000000       0x38 ..\obj\stm32f4xx_tim.o
 .text.TIM_SetClockDivision
                0x00000000       0x38 ..\obj\stm32f4xx_tim.o
 .text.TIM_SelectOCxM
                0x00000000       0xc0 ..\obj\stm32f4xx_tim.o
 .text.TIM_SetCompare1
                0x00000000       0x1c ..\obj\stm32f4xx_tim.o
 .text.TIM_SetCompare2
                0x00000000       0x1c ..\obj\stm32f4xx_tim.o
 .text.TIM_SetCompare3
                0x00000000       0x1c ..\obj\stm32f4xx_tim.o
 .text.TIM_SetCompare4
                0x00000000       0x1c ..\obj\stm32f4xx_tim.o
 .text.TIM_ForcedOC1Config
                0x00000000       0x38 ..\obj\stm32f4xx_tim.o
 .text.TIM_ForcedOC2Config
                0x00000000       0x40 ..\obj\stm32f4xx_tim.o
 .text.TIM_ForcedOC3Config
                0x00000000       0x38 ..\obj\stm32f4xx_tim.o
 .text.TIM_ForcedOC4Config
                0x00000000       0x40 ..\obj\stm32f4xx_tim.o
 .text.TIM_OC1FastConfig
                0x00000000       0x38 ..\obj\stm32f4xx_tim.o
 .text.TIM_OC2FastConfig
                0x00000000       0x40 ..\obj\stm32f4xx_tim.o
 .text.TIM_OC3FastConfig
                0x00000000       0x38 ..\obj\stm32f4xx_tim.o
 .text.TIM_OC4FastConfig
                0x00000000       0x40 ..\obj\stm32f4xx_tim.o
 .text.TIM_ClearOC1Ref
                0x00000000       0x38 ..\obj\stm32f4xx_tim.o
 .text.TIM_ClearOC2Ref
                0x00000000       0x44 ..\obj\stm32f4xx_tim.o
 .text.TIM_ClearOC3Ref
                0x00000000       0x38 ..\obj\stm32f4xx_tim.o
 .text.TIM_ClearOC4Ref
                0x00000000       0x44 ..\obj\stm32f4xx_tim.o
 .text.TIM_OC1PolarityConfig
                0x00000000       0x38 ..\obj\stm32f4xx_tim.o
 .text.TIM_OC1NPolarityConfig
                0x00000000       0x38 ..\obj\stm32f4xx_tim.o
 .text.TIM_OC2PolarityConfig
                0x00000000       0x40 ..\obj\stm32f4xx_tim.o
 .text.TIM_OC2NPolarityConfig
                0x00000000       0x40 ..\obj\stm32f4xx_tim.o
 .text.TIM_OC3PolarityConfig
                0x00000000       0x40 ..\obj\stm32f4xx_tim.o
 .text.TIM_OC3NPolarityConfig
                0x00000000       0x40 ..\obj\stm32f4xx_tim.o
 .text.TIM_OC4PolarityConfig
                0x00000000       0x40 ..\obj\stm32f4xx_tim.o
 .text.TIM_CCxNCmd
                0x00000000       0x5c ..\obj\stm32f4xx_tim.o
 .text.TIM_ICStructInit
                0x00000000       0x3c ..\obj\stm32f4xx_tim.o
 .text.TIM_PWMIConfig
                0x00000000       0xc4 ..\obj\stm32f4xx_tim.o
 .text.TIM_GetCapture1
                0x00000000       0x18 ..\obj\stm32f4xx_tim.o
 .text.TIM_GetCapture2
                0x00000000       0x18 ..\obj\stm32f4xx_tim.o
 .text.TIM_GetCapture4
                0x00000000       0x18 ..\obj\stm32f4xx_tim.o
 .text.TIM_BDTRConfig
                0x00000000       0x50 ..\obj\stm32f4xx_tim.o
 .text.TIM_BDTRStructInit
                0x00000000       0x4c ..\obj\stm32f4xx_tim.o
 .text.TIM_SelectCOM
                0x00000000       0x40 ..\obj\stm32f4xx_tim.o
 .text.TIM_CCPreloadControl
                0x00000000       0x40 ..\obj\stm32f4xx_tim.o
 .text.TIM_GenerateEvent
                0x00000000       0x1c ..\obj\stm32f4xx_tim.o
 .text.TIM_GetFlagStatus
                0x00000000       0x40 ..\obj\stm32f4xx_tim.o
 .text.TIM_ClearFlag
                0x00000000       0x24 ..\obj\stm32f4xx_tim.o
 .text.TIM_GetITStatus
                0x00000000       0x60 ..\obj\stm32f4xx_tim.o
 .text.TIM_ClearITPendingBit
                0x00000000       0x24 ..\obj\stm32f4xx_tim.o
 .text.TIM_DMAConfig
                0x00000000       0x28 ..\obj\stm32f4xx_tim.o
 .text.TIM_DMACmd
                0x00000000       0x48 ..\obj\stm32f4xx_tim.o
 .text.TIM_SelectCCDMA
                0x00000000       0x40 ..\obj\stm32f4xx_tim.o
 .text.TIM_InternalClockConfig
                0x00000000       0x24 ..\obj\stm32f4xx_tim.o
 .text.TIM_ITRxExternalClockConfig
                0x00000000       0x30 ..\obj\stm32f4xx_tim.o
 .text.TIM_TIxExternalClockConfig
                0x00000000       0x58 ..\obj\stm32f4xx_tim.o
 .text.TIM_ETRClockMode1Config
                0x00000000       0x54 ..\obj\stm32f4xx_tim.o
 .text.TIM_ETRClockMode2Config
                0x00000000       0x34 ..\obj\stm32f4xx_tim.o
 .text.TIM_SelectInputTrigger
                0x00000000       0x38 ..\obj\stm32f4xx_tim.o
 .text.TIM_SelectOutputTrigger
                0x00000000       0x38 ..\obj\stm32f4xx_tim.o
 .text.TIM_SelectSlaveMode
                0x00000000       0x38 ..\obj\stm32f4xx_tim.o
 .text.TIM_SelectMasterSlaveMode
                0x00000000       0x38 ..\obj\stm32f4xx_tim.o
 .text.TIM_ETRConfig
                0x00000000       0x4c ..\obj\stm32f4xx_tim.o
 .text.TIM_EncoderInterfaceConfig
                0x00000000       0x94 ..\obj\stm32f4xx_tim.o
 .text.TIM_SelectHallSensor
                0x00000000       0x40 ..\obj\stm32f4xx_tim.o
 .text.TIM_RemapConfig
                0x00000000       0x20 ..\obj\stm32f4xx_tim.o
 .text          0x00000000        0x0 c:/program files (x86)/gnu tools arm embedded/4.7 2013q2/bin/../lib/gcc/arm-none-eabi/4.7.4/../../../../arm-none-eabi/lib/armv7e-m\libg.a(lib_a-memcpy.o)
 .data          0x00000000        0x0 c:/program files (x86)/gnu tools arm embedded/4.7 2013q2/bin/../lib/gcc/arm-none-eabi/4.7.4/../../../../arm-none-eabi/lib/armv7e-m\libg.a(lib_a-memcpy.o)
 .bss           0x00000000        0x0 c:/program files (x86)/gnu tools arm embedded/4.7 2013q2/bin/../lib/gcc/arm-none-eabi/4.7.4/../../../../arm-none-eabi/lib/armv7e-m\libg.a(lib_a-memcpy.o)
 .text          0x00000000        0x0 c:/program files (x86)/gnu tools arm embedded/4.7 2013q2/bin/../lib/gcc/arm-none-eabi/4.7.4/../../../../arm-none-eabi/lib/armv7e-m\libg.a(lib_a-memset.o)
 .data          0x00000000        0x0 c:/program files (x86)/gnu tools arm embedded/4.7 2013q2/bin/../lib/gcc/arm-none-eabi/4.7.4/../../../../arm-none-eabi/lib/armv7e-m\libg.a(lib_a-memset.o)
 .bss           0x00000000        0x0 c:/program files (x86)/gnu tools arm embedded/4.7 2013q2/bin/../lib/gcc/arm-none-eabi/4.7.4/../../../../arm-none-eabi/lib/armv7e-m\libg.a(lib_a-memset.o)
 .text          0x00000000        0x0 c:/program files (x86)/gnu tools arm embedded/4.7 2013q2/bin/../lib/gcc/arm-none-eabi/4.7.4/../../../../arm-none-eabi/lib/armv7e-m\libg.a(lib_a-strlen.o)
 .data          0x00000000        0x0 c:/program files (x86)/gnu tools arm embedded/4.7 2013q2/bin/../lib/gcc/arm-none-eabi/4.7.4/../../../../arm-none-eabi/lib/armv7e-m\libg.a(lib_a-strlen.o)
 .bss           0x00000000        0x0 c:/program files (x86)/gnu tools arm embedded/4.7 2013q2/bin/../lib/gcc/arm-none-eabi/4.7.4/../../../../arm-none-eabi/lib/armv7e-m\libg.a(lib_a-strlen.o)
 .text          0x00000000        0x0 c:/program files (x86)/gnu tools arm embedded/4.7 2013q2/bin/../lib/gcc/arm-none-eabi/4.7.4/../../../../arm-none-eabi/lib/armv7e-m\libg.a(lib_a-strncat.o)
 .data          0x00000000        0x0 c:/program files (x86)/gnu tools arm embedded/4.7 2013q2/bin/../lib/gcc/arm-none-eabi/4.7.4/../../../../arm-none-eabi/lib/armv7e-m\libg.a(lib_a-strncat.o)
 .bss           0x00000000        0x0 c:/program files (x86)/gnu tools arm embedded/4.7 2013q2/bin/../lib/gcc/arm-none-eabi/4.7.4/../../../../arm-none-eabi/lib/armv7e-m\libg.a(lib_a-strncat.o)
 .text          0x00000000        0x0 c:/program files (x86)/gnu tools arm embedded/4.7 2013q2/bin/../lib/gcc/arm-none-eabi/4.7.4/../../../../arm-none-eabi/lib/armv7e-m\libg.a(lib_a-strncmp.o)
 .data          0x00000000        0x0 c:/program files (x86)/gnu tools arm embedded/4.7 2013q2/bin/../lib/gcc/arm-none-eabi/4.7.4/../../../../arm-none-eabi/lib/armv7e-m\libg.a(lib_a-strncmp.o)
 .bss           0x00000000        0x0 c:/program files (x86)/gnu tools arm embedded/4.7 2013q2/bin/../lib/gcc/arm-none-eabi/4.7.4/../../../../arm-none-eabi/lib/armv7e-m\libg.a(lib_a-strncmp.o)
 .text          0x00000000        0x0 c:/program files (x86)/gnu tools arm embedded/4.7 2013q2/bin/../lib/gcc/arm-none-eabi/4.7.4/../../../../arm-none-eabi/lib/armv7e-m\libg.a(lib_a-strncpy.o)
 .data          0x00000000        0x0 c:/program files (x86)/gnu tools arm embedded/4.7 2013q2/bin/../lib/gcc/arm-none-eabi/4.7.4/../../../../arm-none-eabi/lib/armv7e-m\libg.a(lib_a-strncpy.o)
 .bss           0x00000000        0x0 c:/program files (x86)/gnu tools arm embedded/4.7 2013q2/bin/../lib/gcc/arm-none-eabi/4.7.4/../../../../arm-none-eabi/lib/armv7e-m\libg.a(lib_a-strncpy.o)

Memory Configuration

Name             Origin             Length             Attributes
rom              0x08000000         0x00100000         xr
ram              0x20000000         0x00020000         xrw
ram1             0x10000000         0x00010000         xrw
*default*        0x00000000         0xffffffff

Linker script and memory map

                0x20020000                _eram = 0x20020000

.text           0x08000000     0x6fd8
 *(.isr_vector .isr_vector.*)
 .isr_vector    0x08000000      0x188 ..\obj\startup_stm32f4xx.o
                0x08000000                g_pfnVectors
 *(.text .text.* .gnu.linkonce.t.*)
 .text.MicroServo_Main
                0x08000188       0xd4 ..\obj\equ_ServoDirection.o
                0x08000188                MicroServo_Main
 .text.MicroServo_SetNewPosition
                0x0800025c       0x40 ..\obj\equ_ServoDirection.o
                0x0800025c                MicroServo_SetNewPosition
 .text.MicroServo_toString
                0x0800029c      0x198 ..\obj\equ_ServoDirection.o
                0x0800029c                MicroServo_toString
 .text.BtnPssr_LaunchUpdate
                0x08000434       0x74 ..\obj\bsp_BoutonPoussoir.o
                0x08000434                BtnPssr_LaunchUpdate
 .text.BtnPssr_ReadState
                0x080004a8       0x30 ..\obj\bsp_BoutonPoussoir.o
                0x080004a8                BtnPssr_ReadState
 .text.Button_Value_toString
                0x080004d8      0x120 ..\obj\bsp_BoutonPoussoir.o
                0x080004d8                Button_Value_toString
 .text.USART_Init
                0x080005f8      0x1ac ..\obj\stm32f4xx_usart.o
                0x080005f8                USART_Init
 .text.USART_ClockInit
                0x080007a4       0x54 ..\obj\stm32f4xx_usart.o
                0x080007a4                USART_ClockInit
 .text.USART_Cmd
                0x080007f8       0x40 ..\obj\stm32f4xx_usart.o
                0x080007f8                USART_Cmd
 .text.USART_SendData
                0x08000838       0x28 ..\obj\stm32f4xx_usart.o
                0x08000838                USART_SendData
 .text.USART_ReceiveData
                0x08000860       0x24 ..\obj\stm32f4xx_usart.o
                0x08000860                USART_ReceiveData
 .text.USART_GetFlagStatus
                0x08000884       0x40 ..\obj\stm32f4xx_usart.o
                0x08000884                USART_GetFlagStatus
 .text.Affichage_Main
                0x080008c4       0x44 ..\obj\app_AffDebug.o
                0x080008c4                Affichage_Main
 .text.setDureeTourBoucle
                0x08000908       0x68 ..\obj\app_AffDebug.o
                0x08000908                setDureeTourBoucle
 .text.Affichage_Intro
                0x08000970      0x1d8 ..\obj\app_AffDebug.o
                0x08000970                Affichage_Intro
 .text.Affichage_Data
                0x08000b48      0x1d4 ..\obj\app_AffDebug.o
                0x08000b48                Affichage_Data
 .text.Timestamp_toString
                0x08000d1c       0xb4 ..\obj\app_AffDebug.o
                0x08000d1c                Timestamp_toString
 .text.TrBclMoy_toString
                0x08000dd0       0x9c ..\obj\app_AffDebug.o
                0x08000dd0                TrBclMoy_toString
 .text.Default_Reset_Handler
                0x08000e6c       0x6c ..\obj\startup_stm32f4xx.o
                0x08000e6c                Default_Reset_Handler
                0x08000e6c                Reset_Handler
 .text.Default_Handler
                0x08000ed8        0x8 ..\obj\startup_stm32f4xx.o
                0x08000ed8                RTC_Alarm_IRQHandler
                0x08000ed8                HASH_RNG_IRQHandler
                0x08000ed8                EXTI2_IRQHandler
                0x08000ed8                TIM8_CC_IRQHandler
                0x08000ed8                DebugMon_Handler
                0x08000ed8                TIM1_CC_IRQHandler
                0x08000ed8                DMA2_Stream5_IRQHandler
                0x08000ed8                HardFault_Handler
                0x08000ed8                DMA1_Stream5_IRQHandler
                0x08000ed8                PVD_IRQHandler
                0x08000ed8                SDIO_IRQHandler
                0x08000ed8                TAMP_STAMP_IRQHandler
                0x08000ed8                PendSV_Handler
                0x08000ed8                NMI_Handler
                0x08000ed8                CAN2_RX1_IRQHandler
                0x08000ed8                EXTI3_IRQHandler
                0x08000ed8                TIM8_TRG_COM_TIM14_IRQHandler
                0x08000ed8                TIM1_UP_TIM10_IRQHandler
                0x08000ed8                TIM8_UP_TIM13_IRQHandler
                0x08000ed8                I2C3_ER_IRQHandler
                0x08000ed8                EXTI0_IRQHandler
                0x08000ed8                I2C2_EV_IRQHandler
                0x08000ed8                DMA1_Stream2_IRQHandler
                0x08000ed8                CAN1_RX0_IRQHandler
                0x08000ed8                FPU_IRQHandler
                0x08000ed8                OTG_HS_WKUP_IRQHandler
                0x08000ed8                UsageFault_Handler
                0x08000ed8                CAN2_SCE_IRQHandler
                0x08000ed8                DMA2_Stream2_IRQHandler
                0x08000ed8                SPI1_IRQHandler
                0x08000ed8                TIM6_DAC_IRQHandler
                0x08000ed8                TIM1_BRK_TIM9_IRQHandler
                0x08000ed8                DCMI_IRQHandler
                0x08000ed8                CAN2_RX0_IRQHandler
                0x08000ed8                DMA2_Stream3_IRQHandler
                0x08000ed8                USART3_IRQHandler
                0x08000ed8                CRYP_IRQHandler
                0x08000ed8                CAN1_RX1_IRQHandler
                0x08000ed8                UART5_IRQHandler
                0x08000ed8                DMA2_Stream0_IRQHandler
                0x08000ed8                TIM4_IRQHandler
                0x08000ed8                I2C1_EV_IRQHandler
                0x08000ed8                DMA1_Stream6_IRQHandler
                0x08000ed8                DMA1_Stream1_IRQHandler
                0x08000ed8                UART4_IRQHandler
                0x08000ed8                RCC_IRQHandler
                0x08000ed8                TIM8_BRK_TIM12_IRQHandler
                0x08000ed8                EXTI15_10_IRQHandler
                0x08000ed8                ADC_IRQHandler
                0x08000ed8                DMA1_Stream7_IRQHandler
                0x08000ed8                TIM7_IRQHandler
                0x08000ed8                CAN2_TX_IRQHandler
                0x08000ed8                TIM5_IRQHandler
                0x08000ed8                DMA2_Stream7_IRQHandler
                0x08000ed8                I2C3_EV_IRQHandler
                0x08000ed8                EXTI9_5_IRQHandler
                0x08000ed8                RTC_WKUP_IRQHandler
                0x08000ed8                ETH_WKUP_IRQHandler
                0x08000ed8                SPI2_IRQHandler
                0x08000ed8                OTG_HS_EP1_IN_IRQHandler
                0x08000ed8                MemManage_Handler
                0x08000ed8                DMA1_Stream0_IRQHandler
                0x08000ed8                CAN1_TX_IRQHandler
                0x08000ed8                SVC_Handler
                0x08000ed8                EXTI4_IRQHandler
                0x08000ed8                FSMC_IRQHandler
                0x08000ed8                ETH_IRQHandler
                0x08000ed8                OTG_HS_EP1_OUT_IRQHandler
                0x08000ed8                WWDG_IRQHandler
                0x08000ed8                OTG_FS_WKUP_IRQHandler
                0x08000ed8                TIM1_TRG_COM_TIM11_IRQHandler
                0x08000ed8                OTG_HS_IRQHandler
                0x08000ed8                EXTI1_IRQHandler
                0x08000ed8                USART2_IRQHandler
                0x08000ed8                I2C2_ER_IRQHandler
                0x08000ed8                DMA2_Stream1_IRQHandler
                0x08000ed8                CAN1_SCE_IRQHandler
                0x08000ed8                FLASH_IRQHandler
                0x08000ed8                DMA2_Stream4_IRQHandler
                0x08000ed8                BusFault_Handler
                0x08000ed8                USART1_IRQHandler
                0x08000ed8                OTG_FS_IRQHandler
                0x08000ed8                SPI3_IRQHandler
                0x08000ed8                DMA1_Stream4_IRQHandler
                0x08000ed8                I2C1_ER_IRQHandler
                0x08000ed8                DMA2_Stream6_IRQHandler
                0x08000ed8                DMA1_Stream3_IRQHandler
 .text.UltraSon_main
                0x08000ee0       0x80 ..\obj\equ_UltraSon.o
                0x08000ee0                UltraSon_main
 .text.UltraSon_getValue_ms
                0x08000f60       0x18 ..\obj\equ_UltraSon.o
                0x08000f60                UltraSon_getValue_ms
 .text.UltraSon_toString
                0x08000f78       0xe0 ..\obj\equ_UltraSon.o
                0x08000f78                UltraSon_toString
 .text.UltraSon_InitTrig
                0x08001058       0x30 ..\obj\equ_UltraSon.o
 .text.UltraSon_InitEcho
                0x08001088       0x1c ..\obj\equ_UltraSon.o
 .text.InputCapture_init
                0x080010a4      0x138 ..\obj\drv_InputCapture.o
                0x080010a4                InputCapture_init
 .text.TIM3_IRQHandler
                0x080011dc       0xdc ..\obj\drv_InputCapture.o
                0x080011dc                TIM3_IRQHandler
 .text.InputCapture_GetValue
                0x080012b8       0x20 ..\obj\drv_InputCapture.o
                0x080012b8                InputCapture_GetValue
 .text.InputCapture_IT_init
                0x080012d8       0xb4 ..\obj\drv_InputCapture.o
                0x080012d8                InputCapture_IT_init
 .text.NVIC_SetPriority
                0x0800138c       0x5c ..\obj\main.o
 .text.SysTick_Config
                0x080013e8       0x64 ..\obj\main.o
 .text.main     0x0800144c       0xac ..\obj\main.o
                0x0800144c                main
 .text.RCC_GetClocksFreq
                0x080014f8      0x1cc ..\obj\stm32f4xx_rcc.o
                0x080014f8                RCC_GetClocksFreq
 .text.RCC_AHB1PeriphClockCmd
                0x080016c4       0x54 ..\obj\stm32f4xx_rcc.o
                0x080016c4                RCC_AHB1PeriphClockCmd
 .text.RCC_APB1PeriphClockCmd
                0x08001718       0x54 ..\obj\stm32f4xx_rcc.o
                0x08001718                RCC_APB1PeriphClockCmd
 .text.RCC_APB2PeriphClockCmd
                0x0800176c       0x54 ..\obj\stm32f4xx_rcc.o
                0x0800176c                RCC_APB2PeriphClockCmd
 .text.RCC_APB1PeriphResetCmd
                0x080017c0       0x54 ..\obj\stm32f4xx_rcc.o
                0x080017c0                RCC_APB1PeriphResetCmd
 .text.RCC_APB2PeriphResetCmd
                0x08001814       0x54 ..\obj\stm32f4xx_rcc.o
                0x08001814                RCC_APB2PeriphResetCmd
 .text.Usart_InitPeriph
                0x08001868      0x3cc ..\obj\drv_USART.o
                0x08001868                Usart_InitPeriph
 .text.USART_Write
                0x08001c34       0xc0 ..\obj\drv_USART.o
                0x08001c34                USART_Write
 .text.USART6_IRQHandler
                0x08001cf4        0xc ..\obj\drv_USART.o
                0x08001cf4                USART6_IRQHandler
 .text.USART_RccInit
                0x08001d00       0x8c ..\obj\drv_USART.o
                0x08001d00                USART_RccInit
 .text.USART_GetPeriphEnum
                0x08001d8c       0x74 ..\obj\drv_USART.o
                0x08001d8c                USART_GetPeriphEnum
 .text.BSP_Init
                0x08001e00      0x160 ..\obj\bsp_carte.o
                0x08001e00                BSP_Init
 .text.toString_GetPeriphral
                0x08001f60      0x140 ..\obj\bsp_carte.o
                0x08001f60                toString_GetPeriphral
 .text.toString_GetPin
                0x080020a0      0x24c ..\obj\bsp_carte.o
                0x080020a0                toString_GetPin
 .text.BSP_Init_RCCPeriph
                0x080022ec      0x254 ..\obj\bsp_carte.o
                0x080022ec                BSP_Init_RCCPeriph
 .text.GetPinSource
                0x08002540      0x108 ..\obj\bsp_carte.o
                0x08002540                GetPinSource
 .text.SysTick_Handler
                0x08002648       0x40 ..\obj\util_TSW.o
                0x08002648                SysTick_Handler
 .text.TSW_init
                0x08002688       0xa8 ..\obj\util_TSW.o
                0x08002688                TSW_init
 .text.TSW_Start
                0x08002730       0xac ..\obj\util_TSW.o
                0x08002730                TSW_Start
 .text.TSW_GetStatus
                0x080027dc       0x3c ..\obj\util_TSW.o
                0x080027dc                TSW_GetStatus
 .text.TSW_Reset
                0x08002818       0x78 ..\obj\util_TSW.o
                0x08002818                TSW_Reset
 .text.TSW_GetTimestamp
                0x08002890       0x18 ..\obj\util_TSW.o
                0x08002890                TSW_GetTimestamp
 .text.TSW_GetElapsedTime
                0x080028a8       0x4c ..\obj\util_TSW.o
                0x080028a8                TSW_GetElapsedTime
 .text.TSW_HANDLE
                0x080028f4       0xac ..\obj\util_TSW.o
                0x080028f4                TSW_HANDLE
 .text.PrintChar
                0x080029a0       0x24 ..\obj\printf.o
                0x080029a0                PrintChar
 .text.PutChar  0x080029c4       0x24 ..\obj\printf.o
                0x080029c4                PutChar
 .text.PutString
                0x080029e8       0x48 ..\obj\printf.o
                0x080029e8                PutString
 .text.PutUnsignedInt
                0x08002a30       0xbc ..\obj\printf.o
                0x08002a30                PutUnsignedInt
 .text.PutSignedInt
                0x08002aec      0x12c ..\obj\printf.o
                0x08002aec                PutSignedInt
 .text.PutHexa  0x08002c18       0xe8 ..\obj\printf.o
                0x08002c18                PutHexa
 .text.vsnprintf
                0x08002d00      0x2a4 ..\obj\printf.o
                0x08002d00                vsnprintf
 .text.snprintf
                0x08002fa4       0x34 ..\obj\printf.o
                0x08002fa4                snprintf
 .text.vsprintf
                0x08002fd8       0x28 ..\obj\printf.o
                0x08002fd8                vsprintf
 .text.vfprintf
                0x08003000       0x6c ..\obj\printf.o
                0x08003000                vfprintf
 .text.vprintf  0x0800306c       0x2c ..\obj\printf.o
                0x0800306c                vprintf
 .text.printf   0x08003098       0x2c ..\obj\printf.o
                0x08003098                printf
 .text.sprintf  0x080030c4       0x30 ..\obj\printf.o
                0x080030c4                sprintf
 .text.fputc    0x080030f4       0x4c ..\obj\printf.o
                0x080030f4                fputc
 .text.fputs    0x08003140       0x50 ..\obj\printf.o
                0x08003140                fputs
 .text.TimeBase_init
                0x08003190       0x88 ..\obj\drv_TimBase.o
                0x08003190                TimeBase_init
 .text.TimeBase_RccInit
                0x08003218      0x1a8 ..\obj\drv_TimBase.o
 .text.Console_main
                0x080033c0       0x60 ..\obj\util_Console.o
                0x080033c0                Console_main
 .text.Console_Init
                0x08003420       0x6c ..\obj\util_Console.o
                0x08003420                Console_Init
 .text.GPIO_Init
                0x0800348c      0x144 ..\obj\stm32f4xx_gpio.o
                0x0800348c                GPIO_Init
 .text.GPIO_ReadInputDataBit
                0x080035d0       0x3c ..\obj\stm32f4xx_gpio.o
                0x080035d0                GPIO_ReadInputDataBit
 .text.GPIO_ReadOutputDataBit
                0x0800360c       0x3c ..\obj\stm32f4xx_gpio.o
                0x0800360c                GPIO_ReadOutputDataBit
 .text.GPIO_PinAFConfig
                0x08003648       0xa8 ..\obj\stm32f4xx_gpio.o
                0x08003648                GPIO_PinAFConfig
 .text.SystemCoreClockUpdate
                0x080036f0      0x170 ..\obj\system_stm32f4xx.o
                0x080036f0                SystemCoreClockUpdate
 .text.GestionOuverture_main
                0x08003860       0xa4 ..\obj\app_GestionOuverture.o
                0x08003860                GestionOuverture_main
 .text.NVIC_Init
                0x08003904       0xe4 ..\obj\misc.o
                0x08003904                NVIC_Init
 .text.GPIO_Get
                0x080039e8       0xf4 ..\obj\drv_GPIO.o
                0x080039e8                GPIO_Get
 .text.Pwm_Activer
                0x08003adc      0x204 ..\obj\drv_PWM.o
                0x08003adc                Pwm_Activer
 .text.Pwm_Desactiver
                0x08003ce0      0x1d4 ..\obj\drv_PWM.o
                0x08003ce0                Pwm_Desactiver
 .text.PWM_Init
                0x08003eb4      0x6c8 ..\obj\drv_PWM.o
                0x08003eb4                PWM_Init
 .text.PWM_Desinit
                0x0800457c      0x16c ..\obj\drv_PWM.o
                0x0800457c                PWM_Desinit
 .text.PWM_GetConfiguration
                0x080046e8      0x170 ..\obj\drv_PWM.o
                0x080046e8                PWM_GetConfiguration
 .text.TIM2_IRQHandler
                0x08004858       0x34 ..\obj\drv_PWM.o
                0x08004858                TIM2_IRQHandler
 .text.PWM_Save_GetTimPeriph
                0x0800488c      0x140 ..\obj\drv_PWM.o
 .text.PWM_Save_GetTimChannel
                0x080049cc       0x70 ..\obj\drv_PWM.o
 .text.PWM_initOutputCompare
                0x08004a3c      0x1d8 ..\obj\drv_PWM.o
 .text.PWM_IT_init
                0x08004c14       0xb4 ..\obj\drv_PWM.o
 .text.PWM_Value_toString
                0x08004cc8      0x1ec ..\obj\drv_PWM.o
                0x08004cc8                PWM_Value_toString
 .text.TIM_DeInit
                0x08004eb4      0x238 ..\obj\stm32f4xx_tim.o
                0x08004eb4                TIM_DeInit
 .text.TIM_TimeBaseInit
                0x080050ec       0xf4 ..\obj\stm32f4xx_tim.o
                0x080050ec                TIM_TimeBaseInit
 .text.TIM_TimeBaseStructInit
                0x080051e0       0x3c ..\obj\stm32f4xx_tim.o
                0x080051e0                TIM_TimeBaseStructInit
 .text.TIM_Cmd  0x0800521c       0x40 ..\obj\stm32f4xx_tim.o
                0x0800521c                TIM_Cmd
 .text.TIM_OC1Init
                0x0800525c       0xfc ..\obj\stm32f4xx_tim.o
                0x0800525c                TIM_OC1Init
 .text.TIM_OC2Init
                0x08005358      0x128 ..\obj\stm32f4xx_tim.o
                0x08005358                TIM_OC2Init
 .text.TIM_OC3Init
                0x08005480      0x120 ..\obj\stm32f4xx_tim.o
                0x08005480                TIM_OC3Init
 .text.TIM_OC4Init
                0x080055a0       0xe0 ..\obj\stm32f4xx_tim.o
                0x080055a0                TIM_OC4Init
 .text.TIM_OCStructInit
                0x08005680       0x54 ..\obj\stm32f4xx_tim.o
                0x08005680                TIM_OCStructInit
 .text.TIM_OC1PreloadConfig
                0x080056d4       0x38 ..\obj\stm32f4xx_tim.o
                0x080056d4                TIM_OC1PreloadConfig
 .text.TIM_OC2PreloadConfig
                0x0800570c       0x40 ..\obj\stm32f4xx_tim.o
                0x0800570c                TIM_OC2PreloadConfig
 .text.TIM_OC3PreloadConfig
                0x0800574c       0x38 ..\obj\stm32f4xx_tim.o
                0x0800574c                TIM_OC3PreloadConfig
 .text.TIM_OC4PreloadConfig
                0x08005784       0x40 ..\obj\stm32f4xx_tim.o
                0x08005784                TIM_OC4PreloadConfig
 .text.TIM_CCxCmd
                0x080057c4       0x5c ..\obj\stm32f4xx_tim.o
                0x080057c4                TIM_CCxCmd
 .text.TIM_ICInit
                0x08005820       0xa8 ..\obj\stm32f4xx_tim.o
                0x08005820                TIM_ICInit
 .text.TIM_GetCapture3
                0x080058c8       0x18 ..\obj\stm32f4xx_tim.o
                0x080058c8                TIM_GetCapture3
 .text.TIM_SetIC1Prescaler
                0x080058e0       0x38 ..\obj\stm32f4xx_tim.o
                0x080058e0                TIM_SetIC1Prescaler
 .text.TIM_SetIC2Prescaler
                0x08005918       0x3c ..\obj\stm32f4xx_tim.o
                0x08005918                TIM_SetIC2Prescaler
 .text.TIM_SetIC3Prescaler
                0x08005954       0x38 ..\obj\stm32f4xx_tim.o
                0x08005954                TIM_SetIC3Prescaler
 .text.TIM_SetIC4Prescaler
                0x0800598c       0x3c ..\obj\stm32f4xx_tim.o
                0x0800598c                TIM_SetIC4Prescaler
 .text.TIM_CtrlPWMOutputs
                0x080059c8       0x50 ..\obj\stm32f4xx_tim.o
                0x080059c8                TIM_CtrlPWMOutputs
 .text.TIM_ITConfig
                0x08005a18       0x48 ..\obj\stm32f4xx_tim.o
                0x08005a18                TIM_ITConfig
 .text.TI1_Config
                0x08005a60       0x80 ..\obj\stm32f4xx_tim.o
 .text.TI2_Config
                0x08005ae0       0x9c ..\obj\stm32f4xx_tim.o
 .text.TI3_Config
                0x08005b7c       0x8c ..\obj\stm32f4xx_tim.o
 .text.TI4_Config
                0x08005c08       0xa4 ..\obj\stm32f4xx_tim.o
 .text.memcpy   0x08005cac      0x144 c:/program files (x86)/gnu tools arm embedded/4.7 2013q2/bin/../lib/gcc/arm-none-eabi/4.7.4/../../../../arm-none-eabi/lib/armv7e-m\libg.a(lib_a-memcpy.o)
                0x08005cac                memcpy
 .text.memset   0x08005df0      0x12c c:/program files (x86)/gnu tools arm embedded/4.7 2013q2/bin/../lib/gcc/arm-none-eabi/4.7.4/../../../../arm-none-eabi/lib/armv7e-m\libg.a(lib_a-memset.o)
                0x08005df0                memset
 .text.strlen   0x08005f1c       0x60 c:/program files (x86)/gnu tools arm embedded/4.7 2013q2/bin/../lib/gcc/arm-none-eabi/4.7.4/../../../../arm-none-eabi/lib/armv7e-m\libg.a(lib_a-strlen.o)
                0x08005f1c                strlen
 .text.strncat  0x08005f7c       0x88 c:/program files (x86)/gnu tools arm embedded/4.7 2013q2/bin/../lib/gcc/arm-none-eabi/4.7.4/../../../../arm-none-eabi/lib/armv7e-m\libg.a(lib_a-strncat.o)
                0x08005f7c                strncat
 .text.strncmp  0x08006004      0x120 c:/program files (x86)/gnu tools arm embedded/4.7 2013q2/bin/../lib/gcc/arm-none-eabi/4.7.4/../../../../arm-none-eabi/lib/armv7e-m\libg.a(lib_a-strncmp.o)
                0x08006004                strncmp
 .text.strncpy  0x08006124      0x110 c:/program files (x86)/gnu tools arm embedded/4.7 2013q2/bin/../lib/gcc/arm-none-eabi/4.7.4/../../../../arm-none-eabi/lib/armv7e-m\libg.a(lib_a-strncpy.o)
                0x08006124                strncpy
 *(.glue_7t)
 .glue_7t       0x00000000        0x0 linker stubs
 *(.glue_7)
 .glue_7        0x00000000        0x0 linker stubs
 *(.rodata .rodata* .gnu.linkonce.r.*)
 .rodata        0x08006234      0x170 ..\obj\equ_ServoDirection.o
 .rodata        0x080063a4      0x12c ..\obj\bsp_BoutonPoussoir.o
 .rodata        0x080064d0      0x1bc ..\obj\app_AffDebug.o
 .rodata        0x0800668c      0x120 ..\obj\equ_UltraSon.o
 .rodata        0x080067ac       0xd0 ..\obj\drv_InputCapture.o
 .rodata        0x0800687c       0xcc ..\obj\drv_USART.o
 .rodata        0x08006948      0x128 ..\obj\bsp_carte.o
 .rodata        0x08006a70       0xe8 ..\obj\printf.o
 .rodata        0x08006b58       0xc4 ..\obj\drv_TimBase.o
 .rodata        0x08006c1c      0x150 ..\obj\util_Console.o
 .rodata        0x08006d6c      0x134 ..\obj\drv_GPIO.o
 .rodata        0x08006ea0      0x138 ..\obj\drv_PWM.o

.vfp11_veneer   0x08006fd8        0x0
 .vfp11_veneer  0x00000000        0x0 linker stubs

.v4_bx          0x08006fd8        0x0
 .v4_bx         0x00000000        0x0 linker stubs

.iplt           0x08006fd8        0x0
 .iplt          0x00000000        0x0 ..\obj\equ_ServoDirection.o

.rel.dyn        0x08006fd8        0x0
 .rel.iplt      0x00000000        0x0 ..\obj\equ_ServoDirection.o

.ARM.extab
 *(.ARM.extab* .gnu.linkonce.armextab.*)
                0x08006fd8                __exidx_start = .

.ARM.exidx
 *(.ARM.exidx* .gnu.linkonce.armexidx.*)
                0x08006fd8                __exidx_end = .
                0x08006fd8                . = ALIGN (0x4)
                0x08006fd8                _etext = .
                0x08006fd8                _sidata = .

.data           0x20000000      0x6f0 load address 0x08006fd8
                0x20000000                _sdata = .
 *(.data .data.*)
 .data          0x20000000        0x2 ..\obj\equ_ServoDirection.o
 *fill*         0x20000002        0x2 00
 .data          0x20000004        0x4 ..\obj\bsp_BoutonPoussoir.o
 .data          0x20000008      0x284 ..\obj\app_AffDebug.o
                0x20000008                DonneAffiche
 .data          0x2000028c        0xc ..\obj\equ_UltraSon.o
 .data          0x20000298       0x10 ..\obj\stm32f4xx_rcc.o
 .data          0x200002a8      0x430 ..\obj\printf.o
                0x200002a8                r
                0x200006d0                _impure_ptr
 .data          0x200006d8        0x4 ..\obj\util_Console.o
 .data          0x200006dc       0x14 ..\obj\system_stm32f4xx.o
                0x200006dc                SystemCoreClock
                0x200006e0                AHBPrescTable
                0x200006f0                . = ALIGN (0x4)
                0x200006f0                _edata = .

.igot.plt       0x200006f0        0x0 load address 0x080076c8
 .igot.plt      0x00000000        0x0 ..\obj\equ_ServoDirection.o

.bss            0x200006f0      0x2f8 load address 0x080076c8
                0x200006f0                _sbss = .
 *(.bss .bss.*)
 .bss           0x200006f0        0x1 ..\obj\equ_ServoDirection.o
 *fill*         0x200006f1        0x3 00
 .bss           0x200006f4        0x8 ..\obj\app_AffDebug.o
 .bss           0x200006fc        0x1 ..\obj\equ_UltraSon.o
 *fill*         0x200006fd        0x3 00
 .bss           0x20000700        0xc ..\obj\drv_InputCapture.o
 .bss           0x2000070c       0xb0 ..\obj\drv_USART.o
                0x2000070c                __USART
 .bss           0x200007bc        0xc ..\obj\bsp_carte.o
 .bss           0x200007c8       0x58 ..\obj\util_TSW.o
                0x200007c8                msTicks
 .bss           0x20000820        0x1 ..\obj\util_Console.o
 .bss           0x20000821        0x2 ..\obj\app_GestionOuverture.o
 *fill*         0x20000823        0x1 00
 .bss           0x20000824      0x1c0 ..\obj\drv_PWM.o
 *(COMMON)
 COMMON         0x200009e4        0x4 ..\obj\drv_InputCapture.o
                0x200009e4                CaptureValue
                0x200009e8                . = ALIGN (0x4)
                0x200009e8                _ebss = .

.co_stack       0x200009e8      0x800 load address 0x080079c0
                0x200009e8                . = ALIGN (0x8)
 *(.co_stack .co_stack.*)
 .co_stack      0x200009e8      0x800 ..\obj\startup_stm32f4xx.o
                0x200009e8                pulStack
                0x200011e8                . = ALIGN (0x4)
                0x200011e8                _end = .
LOAD ..\obj\equ_ServoDirection.o
LOAD ..\obj\bsp_BoutonPoussoir.o
LOAD ..\obj\stm32f4xx_usart.o
LOAD ..\obj\stm32f4xx_pwr.o
LOAD ..\obj\app_AffDebug.o
LOAD ..\obj\startup_stm32f4xx.o
LOAD ..\obj\equ_UltraSon.o
LOAD ..\obj\drv_InputCapture.o
LOAD ..\obj\main.o
LOAD ..\obj\stm32f4xx_rcc.o
LOAD ..\obj\drv_USART.o
LOAD ..\obj\bsp_carte.o
LOAD ..\obj\util_TSW.o
LOAD ..\obj\printf.o
LOAD ..\obj\drv_TimBase.o
LOAD ..\obj\util_Console.o
LOAD ..\obj\stm32f4xx_gpio.o
LOAD ..\obj\system_stm32f4xx.o
LOAD ..\obj\syscalls.o
LOAD ..\obj\app_GestionOuverture.o
LOAD ..\obj\misc.o
LOAD ..\obj\drv_GPIO.o
LOAD ..\obj\drv_PWM.o
LOAD ..\obj\stm32f4xx_tim.o
START GROUP
LOAD c:/program files (x86)/gnu tools arm embedded/4.7 2013q2/bin/../lib/gcc/arm-none-eabi/4.7.4/armv7e-m\libgcc.a
LOAD c:/program files (x86)/gnu tools arm embedded/4.7 2013q2/bin/../lib/gcc/arm-none-eabi/4.7.4/../../../../arm-none-eabi/lib/armv7e-m\libg.a
LOAD c:/program files (x86)/gnu tools arm embedded/4.7 2013q2/bin/../lib/gcc/arm-none-eabi/4.7.4/../../../../arm-none-eabi/lib/armv7e-m\libc.a
END GROUP
OUTPUT(OpenBox.elf elf32-littlearm)

.debug_info     0x00000000     0xeef4
 .debug_info    0x00000000      0x8bf ..\obj\equ_ServoDirection.o
 .debug_info    0x000008bf      0x917 ..\obj\bsp_BoutonPoussoir.o
 .debug_info    0x000011d6      0xa65 ..\obj\stm32f4xx_usart.o
 .debug_info    0x00001c3b      0xb13 ..\obj\app_AffDebug.o
 .debug_info    0x0000274e      0x103 ..\obj\startup_stm32f4xx.o
 .debug_info    0x00002851      0x90f ..\obj\equ_UltraSon.o
 .debug_info    0x00003160      0xb4d ..\obj\drv_InputCapture.o
 .debug_info    0x00003cad      0xe04 ..\obj\main.o
 .debug_info    0x00004ab1      0xd49 ..\obj\stm32f4xx_rcc.o
 .debug_info    0x000057fa      0xd9f ..\obj\drv_USART.o
 .debug_info    0x00006599      0x8be ..\obj\bsp_carte.o
 .debug_info    0x00006e57      0x99c ..\obj\util_TSW.o
 .debug_info    0x000077f3     0x15a4 ..\obj\printf.o
 .debug_info    0x00008d97      0x7b3 ..\obj\drv_TimBase.o
 .debug_info    0x0000954a      0x939 ..\obj\util_Console.o
 .debug_info    0x00009e83      0x640 ..\obj\stm32f4xx_gpio.o
 .debug_info    0x0000a4c3      0x5f5 ..\obj\system_stm32f4xx.o
 .debug_info    0x0000aab8      0x812 ..\obj\app_GestionOuverture.o
 .debug_info    0x0000b2ca      0x592 ..\obj\misc.o
 .debug_info    0x0000b85c      0x87f ..\obj\drv_GPIO.o
 .debug_info    0x0000c0db      0xf9c ..\obj\drv_PWM.o
 .debug_info    0x0000d077     0x1e7d ..\obj\stm32f4xx_tim.o

.debug_abbrev   0x00000000     0x2076
 .debug_abbrev  0x00000000      0x158 ..\obj\equ_ServoDirection.o
 .debug_abbrev  0x00000158      0x14b ..\obj\bsp_BoutonPoussoir.o
 .debug_abbrev  0x000002a3      0x157 ..\obj\stm32f4xx_usart.o
 .debug_abbrev  0x000003fa      0x1b2 ..\obj\app_AffDebug.o
 .debug_abbrev  0x000005ac       0xb2 ..\obj\startup_stm32f4xx.o
 .debug_abbrev  0x0000065e      0x145 ..\obj\equ_UltraSon.o
 .debug_abbrev  0x000007a3      0x1a5 ..\obj\drv_InputCapture.o
 .debug_abbrev  0x00000948      0x18e ..\obj\main.o
 .debug_abbrev  0x00000ad6      0x1e5 ..\obj\stm32f4xx_rcc.o
 .debug_abbrev  0x00000cbb      0x1b9 ..\obj\drv_USART.o
 .debug_abbrev  0x00000e74      0x158 ..\obj\bsp_carte.o
 .debug_abbrev  0x00000fcc      0x183 ..\obj\util_TSW.o
 .debug_abbrev  0x0000114f      0x29f ..\obj\printf.o
 .debug_abbrev  0x000013ee      0x13a ..\obj\drv_TimBase.o
 .debug_abbrev  0x00001528      0x16c ..\obj\util_Console.o
 .debug_abbrev  0x00001694      0x1a5 ..\obj\stm32f4xx_gpio.o
 .debug_abbrev  0x00001839      0x138 ..\obj\system_stm32f4xx.o
 .debug_abbrev  0x00001971      0x106 ..\obj\app_GestionOuverture.o
 .debug_abbrev  0x00001a77      0x129 ..\obj\misc.o
 .debug_abbrev  0x00001ba0      0x140 ..\obj\drv_GPIO.o
 .debug_abbrev  0x00001ce0      0x20d ..\obj\drv_PWM.o
 .debug_abbrev  0x00001eed      0x189 ..\obj\stm32f4xx_tim.o

.debug_loc      0x00000000     0x3c9e
 .debug_loc     0x00000000       0xc8 ..\obj\equ_ServoDirection.o
 .debug_loc     0x000000c8      0x150 ..\obj\bsp_BoutonPoussoir.o
 .debug_loc     0x00000218      0x658 ..\obj\stm32f4xx_usart.o
 .debug_loc     0x00000870      0x13c ..\obj\app_AffDebug.o
 .debug_loc     0x000009ac       0x64 ..\obj\startup_stm32f4xx.o
 .debug_loc     0x00000a10       0xe8 ..\obj\equ_UltraSon.o
 .debug_loc     0x00000af8      0x10c ..\obj\drv_InputCapture.o
 .debug_loc     0x00000c04       0xa8 ..\obj\main.o
 .debug_loc     0x00000cac      0x97c ..\obj\stm32f4xx_rcc.o
 .debug_loc     0x00001628      0x144 ..\obj\drv_USART.o
 .debug_loc     0x0000176c      0x118 ..\obj\bsp_carte.o
 .debug_loc     0x00001884      0x288 ..\obj\util_TSW.o
 .debug_loc     0x00001b0c      0x3ea ..\obj\printf.o
 .debug_loc     0x00001ef6       0x70 ..\obj\drv_TimBase.o
 .debug_loc     0x00001f66      0x120 ..\obj\util_Console.o
 .debug_loc     0x00002086      0x310 ..\obj\stm32f4xx_gpio.o
 .debug_loc     0x00002396       0x9c ..\obj\system_stm32f4xx.o
 .debug_loc     0x00002432       0x2c ..\obj\app_GestionOuverture.o
 .debug_loc     0x0000245e      0x118 ..\obj\misc.o
 .debug_loc     0x00002576       0xa8 ..\obj\drv_GPIO.o
 .debug_loc     0x0000261e      0x260 ..\obj\drv_PWM.o
 .debug_loc     0x0000287e     0x1420 ..\obj\stm32f4xx_tim.o

.debug_aranges  0x00000000      0xad8
 .debug_aranges
                0x00000000       0x38 ..\obj\equ_ServoDirection.o
 .debug_aranges
                0x00000038       0x48 ..\obj\bsp_BoutonPoussoir.o
 .debug_aranges
                0x00000080      0x100 ..\obj\stm32f4xx_usart.o
 .debug_aranges
                0x00000180       0x48 ..\obj\app_AffDebug.o
 .debug_aranges
                0x000001c8       0x28 ..\obj\startup_stm32f4xx.o
 .debug_aranges
                0x000001f0       0x40 ..\obj\equ_UltraSon.o
 .debug_aranges
                0x00000230       0x40 ..\obj\drv_InputCapture.o
 .debug_aranges
                0x00000270       0x30 ..\obj\main.o
 .debug_aranges
                0x000002a0      0x178 ..\obj\stm32f4xx_rcc.o
 .debug_aranges
                0x00000418       0x48 ..\obj\drv_USART.o
 .debug_aranges
                0x00000460       0x40 ..\obj\bsp_carte.o
 .debug_aranges
                0x000004a0       0x78 ..\obj\util_TSW.o
 .debug_aranges
                0x00000518       0xa0 ..\obj\printf.o
 .debug_aranges
                0x000005b8       0x28 ..\obj\drv_TimBase.o
 .debug_aranges
                0x000005e0       0x48 ..\obj\util_Console.o
 .debug_aranges
                0x00000628       0x88 ..\obj\stm32f4xx_gpio.o
 .debug_aranges
                0x000006b0       0x30 ..\obj\system_stm32f4xx.o
 .debug_aranges
                0x000006e0       0x20 ..\obj\app_GestionOuverture.o
 .debug_aranges
                0x00000700       0x40 ..\obj\misc.o
 .debug_aranges
                0x00000740       0x30 ..\obj\drv_GPIO.o
 .debug_aranges
                0x00000770       0x70 ..\obj\drv_PWM.o
 .debug_aranges
                0x000007e0      0x2f8 ..\obj\stm32f4xx_tim.o

.debug_ranges   0x00000000      0x978
 .debug_ranges  0x00000000       0x28 ..\obj\equ_ServoDirection.o
 .debug_ranges  0x00000028       0x38 ..\obj\bsp_BoutonPoussoir.o
 .debug_ranges  0x00000060       0xf0 ..\obj\stm32f4xx_usart.o
 .debug_ranges  0x00000150       0x38 ..\obj\app_AffDebug.o
 .debug_ranges  0x00000188       0x18 ..\obj\startup_stm32f4xx.o
 .debug_ranges  0x000001a0       0x30 ..\obj\equ_UltraSon.o
 .debug_ranges  0x000001d0       0x30 ..\obj\drv_InputCapture.o
 .debug_ranges  0x00000200       0x20 ..\obj\main.o
 .debug_ranges  0x00000220      0x168 ..\obj\stm32f4xx_rcc.o
 .debug_ranges  0x00000388       0x38 ..\obj\drv_USART.o
 .debug_ranges  0x000003c0       0x30 ..\obj\bsp_carte.o
 .debug_ranges  0x000003f0       0x68 ..\obj\util_TSW.o
 .debug_ranges  0x00000458       0x90 ..\obj\printf.o
 .debug_ranges  0x000004e8       0x18 ..\obj\drv_TimBase.o
 .debug_ranges  0x00000500       0x38 ..\obj\util_Console.o
 .debug_ranges  0x00000538       0x78 ..\obj\stm32f4xx_gpio.o
 .debug_ranges  0x000005b0       0x20 ..\obj\system_stm32f4xx.o
 .debug_ranges  0x000005d0       0x10 ..\obj\app_GestionOuverture.o
 .debug_ranges  0x000005e0       0x30 ..\obj\misc.o
 .debug_ranges  0x00000610       0x20 ..\obj\drv_GPIO.o
 .debug_ranges  0x00000630       0x60 ..\obj\drv_PWM.o
 .debug_ranges  0x00000690      0x2e8 ..\obj\stm32f4xx_tim.o

.debug_line     0x00000000     0x48d7
 .debug_line    0x00000000      0x2ba ..\obj\equ_ServoDirection.o
 .debug_line    0x000002ba      0x2af ..\obj\bsp_BoutonPoussoir.o
 .debug_line    0x00000569      0x46f ..\obj\stm32f4xx_usart.o
 .debug_line    0x000009d8      0x351 ..\obj\app_AffDebug.o
 .debug_line    0x00000d29       0x9f ..\obj\startup_stm32f4xx.o
 .debug_line    0x00000dc8      0x295 ..\obj\equ_UltraSon.o
 .debug_line    0x0000105d      0x293 ..\obj\drv_InputCapture.o
 .debug_line    0x000012f0      0x2cb ..\obj\main.o
 .debug_line    0x000015bb      0x566 ..\obj\stm32f4xx_rcc.o
 .debug_line    0x00001b21      0x34c ..\obj\drv_USART.o
 .debug_line    0x00001e6d      0x289 ..\obj\bsp_carte.o
 .debug_line    0x000020f6      0x324 ..\obj\util_TSW.o
 .debug_line    0x0000241a      0x501 ..\obj\printf.o
 .debug_line    0x0000291b      0x227 ..\obj\drv_TimBase.o
 .debug_line    0x00002b42      0x2c2 ..\obj\util_Console.o
 .debug_line    0x00002e04      0x30a ..\obj\stm32f4xx_gpio.o
 .debug_line    0x0000310e      0x1b8 ..\obj\system_stm32f4xx.o
 .debug_line    0x000032c6      0x290 ..\obj\app_GestionOuverture.o
 .debug_line    0x00003556      0x210 ..\obj\misc.o
 .debug_line    0x00003766      0x2a5 ..\obj\drv_GPIO.o
 .debug_line    0x00003a0b      0x488 ..\obj\drv_PWM.o
 .debug_line    0x00003e93      0xa44 ..\obj\stm32f4xx_tim.o

.debug_str      0x00000000     0x3f64
 .debug_str     0x00000000      0x783 ..\obj\equ_ServoDirection.o
                                0x7e0 (size before relaxing)
 .debug_str     0x00000783      0x174 ..\obj\bsp_BoutonPoussoir.o
                                0x732 (size before relaxing)
 .debug_str     0x000008f7      0x4a2 ..\obj\stm32f4xx_usart.o
                                0x630 (size before relaxing)
 .debug_str     0x00000d99      0x33b ..\obj\app_AffDebug.o
                                0x935 (size before relaxing)
 .debug_str     0x000010d4       0xae ..\obj\startup_stm32f4xx.o
                                0x112 (size before relaxing)
 .debug_str     0x00001182      0x135 ..\obj\equ_UltraSon.o
                                0x7c4 (size before relaxing)
 .debug_str     0x000012b7      0x6f9 ..\obj\drv_InputCapture.o
                                0xc17 (size before relaxing)
 .debug_str     0x000019b0      0x104 ..\obj\main.o
                                0xd20 (size before relaxing)
 .debug_str     0x00001ab4      0x5e1 ..\obj\stm32f4xx_rcc.o
                                0x7f1 (size before relaxing)
 .debug_str     0x00002095      0x34e ..\obj\drv_USART.o
                                0xeac (size before relaxing)
 .debug_str     0x000023e3      0x15f ..\obj\bsp_carte.o
                                0x65f (size before relaxing)
 .debug_str     0x00002542      0x12c ..\obj\util_TSW.o
                                0x6e8 (size before relaxing)
 .debug_str     0x0000266e      0x4b8 ..\obj\printf.o
                                0x9e9 (size before relaxing)
 .debug_str     0x00002b26       0xce ..\obj\drv_TimBase.o
                                0x5de (size before relaxing)
 .debug_str     0x00002bf4      0x146 ..\obj\util_Console.o
                                0x824 (size before relaxing)
 .debug_str     0x00002d3a      0x1a1 ..\obj\stm32f4xx_gpio.o
                                0x444 (size before relaxing)
 .debug_str     0x00002edb       0xb2 ..\obj\system_stm32f4xx.o
                                0x34b (size before relaxing)
 .debug_str     0x00002f8d       0xb6 ..\obj\app_GestionOuverture.o
                                0x799 (size before relaxing)
 .debug_str     0x00003043      0x111 ..\obj\misc.o
                                0x37a (size before relaxing)
 .debug_str     0x00003154       0x6f ..\obj\drv_GPIO.o
                                0x66c (size before relaxing)
 .debug_str     0x000031c3      0x427 ..\obj\drv_PWM.o
                                0xffe (size before relaxing)
 .debug_str     0x000035ea      0x97a ..\obj\stm32f4xx_tim.o
                                0xd71 (size before relaxing)

.comment        0x00000000       0x70
 .comment       0x00000000       0x70 ..\obj\equ_ServoDirection.o
                                 0x71 (size before relaxing)
 .comment       0x00000000       0x71 ..\obj\bsp_BoutonPoussoir.o
 .comment       0x00000000       0x71 ..\obj\stm32f4xx_usart.o
 .comment       0x00000000       0x71 ..\obj\app_AffDebug.o
 .comment       0x00000000       0x71 ..\obj\startup_stm32f4xx.o
 .comment       0x00000000       0x71 ..\obj\equ_UltraSon.o
 .comment       0x00000000       0x71 ..\obj\drv_InputCapture.o
 .comment       0x00000000       0x71 ..\obj\main.o
 .comment       0x00000000       0x71 ..\obj\stm32f4xx_rcc.o
 .comment       0x00000000       0x71 ..\obj\drv_USART.o
 .comment       0x00000000       0x71 ..\obj\bsp_carte.o
 .comment       0x00000000       0x71 ..\obj\util_TSW.o
 .comment       0x00000000       0x71 ..\obj\printf.o
 .comment       0x00000000       0x71 ..\obj\drv_TimBase.o
 .comment       0x00000000       0x71 ..\obj\util_Console.o
 .comment       0x00000000       0x71 ..\obj\stm32f4xx_gpio.o
 .comment       0x00000000       0x71 ..\obj\system_stm32f4xx.o
 .comment       0x00000000       0x71 ..\obj\app_GestionOuverture.o
 .comment       0x00000000       0x71 ..\obj\misc.o
 .comment       0x00000000       0x71 ..\obj\drv_GPIO.o
 .comment       0x00000000       0x71 ..\obj\drv_PWM.o
 .comment       0x00000000       0x71 ..\obj\stm32f4xx_tim.o

.ARM.attributes
                0x00000000       0x33
 .ARM.attributes
                0x00000000       0x33 ..\obj\equ_ServoDirection.o
 .ARM.attributes
                0x00000033       0x33 ..\obj\bsp_BoutonPoussoir.o
 .ARM.attributes
                0x00000066       0x33 ..\obj\stm32f4xx_usart.o
 .ARM.attributes
                0x00000099       0x33 ..\obj\app_AffDebug.o
 .ARM.attributes
                0x000000cc       0x33 ..\obj\startup_stm32f4xx.o
 .ARM.attributes
                0x000000ff       0x33 ..\obj\equ_UltraSon.o
 .ARM.attributes
                0x00000132       0x33 ..\obj\drv_InputCapture.o
 .ARM.attributes
                0x00000165       0x33 ..\obj\main.o
 .ARM.attributes
                0x00000198       0x33 ..\obj\stm32f4xx_rcc.o
 .ARM.attributes
                0x000001cb       0x33 ..\obj\drv_USART.o
 .ARM.attributes
                0x000001fe       0x33 ..\obj\bsp_carte.o
 .ARM.attributes
                0x00000231       0x33 ..\obj\util_TSW.o
 .ARM.attributes
                0x00000264       0x33 ..\obj\printf.o
 .ARM.attributes
                0x00000297       0x33 ..\obj\drv_TimBase.o
 .ARM.attributes
                0x000002ca       0x33 ..\obj\util_Console.o
 .ARM.attributes
                0x000002fd       0x33 ..\obj\stm32f4xx_gpio.o
 .ARM.attributes
                0x00000330       0x33 ..\obj\system_stm32f4xx.o
 .ARM.attributes
                0x00000363       0x33 ..\obj\app_GestionOuverture.o
 .ARM.attributes
                0x00000396       0x33 ..\obj\misc.o
 .ARM.attributes
                0x000003c9       0x33 ..\obj\drv_GPIO.o
 .ARM.attributes
                0x000003fc       0x33 ..\obj\drv_PWM.o
 .ARM.attributes
                0x0000042f       0x33 ..\obj\stm32f4xx_tim.o
 .ARM.attributes
                0x00000462       0x2e c:/program files (x86)/gnu tools arm embedded/4.7 2013q2/bin/../lib/gcc/arm-none-eabi/4.7.4/../../../../arm-none-eabi/lib/armv7e-m\libg.a(lib_a-memcpy.o)
 .ARM.attributes
                0x00000490       0x2e c:/program files (x86)/gnu tools arm embedded/4.7 2013q2/bin/../lib/gcc/arm-none-eabi/4.7.4/../../../../arm-none-eabi/lib/armv7e-m\libg.a(lib_a-memset.o)
 .ARM.attributes
                0x000004be       0x2e c:/program files (x86)/gnu tools arm embedded/4.7 2013q2/bin/../lib/gcc/arm-none-eabi/4.7.4/../../../../arm-none-eabi/lib/armv7e-m\libg.a(lib_a-strlen.o)
 .ARM.attributes
                0x000004ec       0x2e c:/program files (x86)/gnu tools arm embedded/4.7 2013q2/bin/../lib/gcc/arm-none-eabi/4.7.4/../../../../arm-none-eabi/lib/armv7e-m\libg.a(lib_a-strncat.o)
 .ARM.attributes
                0x0000051a       0x2e c:/program files (x86)/gnu tools arm embedded/4.7 2013q2/bin/../lib/gcc/arm-none-eabi/4.7.4/../../../../arm-none-eabi/lib/armv7e-m\libg.a(lib_a-strncmp.o)
 .ARM.attributes
                0x00000548       0x2e c:/program files (x86)/gnu tools arm embedded/4.7 2013q2/bin/../lib/gcc/arm-none-eabi/4.7.4/../../../../arm-none-eabi/lib/armv7e-m\libg.a(lib_a-strncpy.o)

.debug_frame    0x00000000     0x220c
 .debug_frame   0x00000000       0x84 ..\obj\equ_ServoDirection.o
 .debug_frame   0x00000084       0xc0 ..\obj\bsp_BoutonPoussoir.o
 .debug_frame   0x00000144      0x344 ..\obj\stm32f4xx_usart.o
 .debug_frame   0x00000488       0xc8 ..\obj\app_AffDebug.o
 .debug_frame   0x00000550       0x48 ..\obj\startup_stm32f4xx.o
 .debug_frame   0x00000598       0x9c ..\obj\equ_UltraSon.o
 .debug_frame   0x00000634       0xa4 ..\obj\drv_InputCapture.o
 .debug_frame   0x000006d8       0x6c ..\obj\main.o
 .debug_frame   0x00000744      0x4d8 ..\obj\stm32f4xx_rcc.o
 .debug_frame   0x00000c1c       0xc4 ..\obj\drv_USART.o
 .debug_frame   0x00000ce0       0xa8 ..\obj\bsp_carte.o
 .debug_frame   0x00000d88      0x158 ..\obj\util_TSW.o
 .debug_frame   0x00000ee0      0x248 ..\obj\printf.o
 .debug_frame   0x00001128       0x50 ..\obj\drv_TimBase.o
 .debug_frame   0x00001178       0xbc ..\obj\util_Console.o
 .debug_frame   0x00001234      0x19c ..\obj\stm32f4xx_gpio.o
 .debug_frame   0x000013d0       0x64 ..\obj\system_stm32f4xx.o
 .debug_frame   0x00001434       0x2c ..\obj\app_GestionOuverture.o
 .debug_frame   0x00001460       0x9c ..\obj\misc.o
 .debug_frame   0x000014fc       0x70 ..\obj\drv_GPIO.o
 .debug_frame   0x0000156c      0x164 ..\obj\drv_PWM.o
 .debug_frame   0x000016d0      0xa3c ..\obj\stm32f4xx_tim.o
 .debug_frame   0x0000210c       0x30 c:/program files (x86)/gnu tools arm embedded/4.7 2013q2/bin/../lib/gcc/arm-none-eabi/4.7.4/../../../../arm-none-eabi/lib/armv7e-m\libg.a(lib_a-memcpy.o)
 .debug_frame   0x0000213c       0x2c c:/program files (x86)/gnu tools arm embedded/4.7 2013q2/bin/../lib/gcc/arm-none-eabi/4.7.4/../../../../arm-none-eabi/lib/armv7e-m\libg.a(lib_a-memset.o)
 .debug_frame   0x00002168       0x20 c:/program files (x86)/gnu tools arm embedded/4.7 2013q2/bin/../lib/gcc/arm-none-eabi/4.7.4/../../../../arm-none-eabi/lib/armv7e-m\libg.a(lib_a-strlen.o)
 .debug_frame   0x00002188       0x2c c:/program files (x86)/gnu tools arm embedded/4.7 2013q2/bin/../lib/gcc/arm-none-eabi/4.7.4/../../../../arm-none-eabi/lib/armv7e-m\libg.a(lib_a-strncat.o)
 .debug_frame   0x000021b4       0x2c c:/program files (x86)/gnu tools arm embedded/4.7 2013q2/bin/../lib/gcc/arm-none-eabi/4.7.4/../../../../arm-none-eabi/lib/armv7e-m\libg.a(lib_a-strncmp.o)
 .debug_frame   0x000021e0       0x2c c:/program files (x86)/gnu tools arm embedded/4.7 2013q2/bin/../lib/gcc/arm-none-eabi/4.7.4/../../../../arm-none-eabi/lib/armv7e-m\libg.a(lib_a-strncpy.o)
